Component: ARM Compiler 5.06 update 7 (build 960) Tool: armlink [4d3601]

==============================================================================

Section Cross References

    board.o(.text) refers to stm32f1xx_hal_cortex.o(.text) for HAL_NVIC_SetPriorityGrouping
    board.o(.text) refers to stm32f1xx_hal_rcc.o(.text) for HAL_RCC_OscConfig
    board.o(.text) refers to kservice.o(.text) for rt_assert_handler
    board.o(.text) refers to irq.o(.text) for rt_interrupt_enter
    board.o(.text) refers to stm32f1xx_hal.o(.text) for HAL_IncTick
    board.o(.text) refers to clock.o(.text) for rt_tick_increase
    board.o(.text) refers to mem.o(.text) for rt_system_heap_init
    board.o(.text) refers to components.o(.text) for rt_components_board_init
    board.o(.text) refers to board.o(.constdata) for __FUNCTION__
    board.o(.text) refers to board.o(.conststring) for .conststring
    drv_gpio.o(.text) refers to stm32f1xx_hal_gpio.o(.text) for HAL_GPIO_WritePin
    drv_gpio.o(.text) refers to context_rvds.o(.text) for rt_hw_interrupt_disable
    drv_gpio.o(.text) refers to stm32f1xx_hal_cortex.o(.text) for HAL_NVIC_SetPriority
    drv_gpio.o(.text) refers to drv_gpio.o(.constdata) for pins
    drv_gpio.o(.text) refers to drv_gpio.o(.data) for pin_irq_hdr_tab
    drv_gpio.o(.text) refers to pin.o(.text) for rt_device_pin_register
    drv_gpio.o(.text) refers to irq.o(.text) for rt_interrupt_enter
    drv_gpio.o(.constdata) refers to drv_gpio.o(.text) for GPIOE_CLK_ENABLE
    drv_gpio.o(.rti_fn.1) refers to drv_gpio.o(.text) for rt_hw_pin_init
    drv_usart.o(.text) refers to kservice.o(.text) for rt_assert_handler
    drv_usart.o(.text) refers to stm32f1xx_hal_uart.o(.text) for HAL_UART_Init
    drv_usart.o(.text) refers to serial.o(.text) for rt_hw_serial_isr
    drv_usart.o(.text) refers to irq.o(.text) for rt_interrupt_enter
    drv_usart.o(.text) refers to stm32f1xx_hal_gpio.o(.text) for HAL_GPIO_Init
    drv_usart.o(.text) refers to stm32f1xx_hal_cortex.o(.text) for HAL_NVIC_SetPriority
    drv_usart.o(.text) refers to drv_usart.o(.constdata) for __FUNCTION__
    drv_usart.o(.text) refers to drv_usart.o(.bss) for serial1
    drv_usart.o(.text) refers to drv_usart.o(.data) for uart1
    drv_usart.o(.constdata) refers to drv_usart.o(.text) for stm32_configure
    drv_usart.o(.rti_fn.1) refers to drv_usart.o(.text) for rt_hw_usart_init
    system_stm32f1xx.o(.text) refers to system_stm32f1xx.o(.data) for SystemCoreClock
    system_stm32f1xx.o(.text) refers to system_stm32f1xx.o(.constdata) for AHBPrescTable
    stm32f1xx_hal_gpio.o(.text) refers to drv_gpio.o(.text) for HAL_GPIO_EXTI_Callback
    stm32f1xx_hal_flash.o(.text) refers to stm32f1xx_hal.o(.text) for HAL_GetTick
    stm32f1xx_hal_flash.o(.text) refers to llushr.o(.text) for __aeabi_llsr
    stm32f1xx_hal_flash.o(.text) refers to stm32f1xx_hal_flash_ex.o(.text) for FLASH_PageErase
    stm32f1xx_hal_flash.o(.text) refers to stm32f1xx_hal_flash.o(.bss) for pFlash
    stm32f1xx_hal_flash.o(.text) refers to stm32f1xx_hal_cortex.o(.text) for HAL_NVIC_SystemReset
    stm32f1xx_hal_flash_ex.o(.text) refers to stm32f1xx_hal_flash.o(.text) for FLASH_WaitForLastOperation
    stm32f1xx_hal_flash_ex.o(.text) refers to stm32f1xx_hal_flash.o(.bss) for pFlash
    stm32f1xx_hal_dma.o(.text) refers to stm32f1xx_hal.o(.text) for HAL_GetTick
    stm32f1xx_hal_rcc.o(.text) refers to stm32f1xx_hal.o(.text) for HAL_GetTick
    stm32f1xx_hal_rcc.o(.text) refers to system_stm32f1xx.o(.data) for SystemCoreClock
    stm32f1xx_hal_rcc.o(.text) refers to stm32f1xx_hal_gpio.o(.text) for HAL_GPIO_Init
    stm32f1xx_hal_rcc.o(.text) refers to system_stm32f1xx.o(.constdata) for AHBPrescTable
    stm32f1xx_hal_rcc_ex.o(.text) refers to stm32f1xx_hal.o(.text) for HAL_GetTick
    stm32f1xx_hal_rcc_ex.o(.text) refers to stm32f1xx_hal_rcc.o(.text) for HAL_RCC_GetSysClockFreq
    stm32f1xx_hal_tim.o(.text) refers to stm32f1xx_hal_dma.o(.text) for HAL_DMA_Start_IT
    stm32f1xx_hal_tim.o(.text) refers to stm32f1xx_hal_tim_ex.o(.text) for HAL_TIMEx_BreakCallback
    stm32f1xx_hal_tim_ex.o(.text) refers to stm32f1xx_hal_tim.o(.text) for TIM_Base_SetConfig
    stm32f1xx_hal_tim_ex.o(.text) refers to stm32f1xx_hal_dma.o(.text) for HAL_DMA_Start_IT
    stm32f1xx_hal_uart.o(.text) refers to stm32f1xx_hal_rcc.o(.text) for HAL_RCC_GetPCLK2Freq
    stm32f1xx_hal_uart.o(.text) refers to drv_usart.o(.text) for HAL_UART_MspInit
    stm32f1xx_hal_uart.o(.text) refers to stm32f1xx_hal.o(.text) for HAL_GetTick
    stm32f1xx_hal_uart.o(.text) refers to stm32f1xx_hal_dma.o(.text) for HAL_DMA_Start_IT
    stm32f1xx_hal_usart.o(.text) refers to stm32f1xx_hal_rcc.o(.text) for HAL_RCC_GetPCLK2Freq
    stm32f1xx_hal_usart.o(.text) refers to stm32f1xx_hal.o(.text) for HAL_GetTick
    stm32f1xx_hal_usart.o(.text) refers to stm32f1xx_hal_dma.o(.text) for HAL_DMA_Start_IT
    stm32f1xx_hal.o(.text) refers to stm32f1xx_hal_cortex.o(.text) for HAL_SYSTICK_Config
[...]

    Global Symbols

    Symbol Name                              Value     Ov Type        Size  Object(Section)

    BuildAttributes$$THM_ISAv4$P$D$K$B$S$PE$A:L22UL41UL21$X:L11$S22US41US21$IEEE1$IW$USESV6$~STKCKD$USESV7$~SHL$OSPACE$EBA8$MICROLIB$REQ8$PRES8$EABIv2 0x00000000   Number         0  anon$$obj.o ABSOLUTE
    __ARM_use_no_argv                        0x00000000   Number         0  main.o ABSOLUTE
    __arm_fini_                               - Undefined Weak Reference
    __cpp_initialize__aeabi_                  - Undefined Weak Reference
    __cxa_finalize                            - Undefined Weak Reference
    _clock_init                               - Undefined Weak Reference
    _microlib_exit                            - Undefined Weak Reference
    __Vectors_Size                           0x00000130   Number         0  startup_stm32f103xe.o ABSOLUTE
    __Vectors                                0x08000000   Data           4  startup_stm32f103xe.o(RESET)
    __Vectors_End                            0x08000130   Data           0  startup_stm32f103xe.o(RESET)
    __main                                   0x08000131   Thumb Code     0  entry.o(.ARM.Collect$$$$00000000)
    _main_stk                                0x08000131   Thumb Code     0  entry2.o(.ARM.Collect$$$$00000001)
    _main_scatterload                        0x08000135   Thumb Code     0  entry5.o(.ARM.Collect$$$$00000004)
    __main_after_scatterload                 0x08000139   Thumb Code     0  entry5.o(.ARM.Collect$$$$00000004)
    _main_clock                              0x08000139   Thumb Code     0  entry7b.o(.ARM.Collect$$$$00000008)
    _main_cpp_init                           0x08000139   Thumb Code     0  entry8b.o(.ARM.Collect$$$$0000000A)
    _main_init                               0x08000139   Thumb Code     0  entry9a.o(.ARM.Collect$$$$0000000B)
    __rt_lib_shutdown_fini                   0x08000141   Thumb Code     0  entry12b.o(.ARM.Collect$$$$0000000E)
    __rt_final_cpp                           0x08000145   Thumb Code     0  entry10a.o(.ARM.Collect$$$$0000000F)
    __rt_final_exit                          0x08000145   Thumb Code     0  entry11a.o(.ARM.Collect$$$$00000011)
    $Super$$main                             0x08000149   Thumb Code     4  main.o(.text)
    HAL_MspInit                              0x0800014d   Thumb Code   140  board.o(.text)
    SystemClock_Config                       0x080001d9   Thumb Code   130  board.o(.text)
    SysTick_Handler                          0x0800025b   Thumb Code    20  board.o(.text)
    rt_hw_board_init                         0x0800026f   Thumb Code    30  board.o(.text)
    NMI_Handler                              0x080002dd   Thumb Code     2  stm32f1xx_it.o(.text)
    MemManage_Handler                        0x080002df   Thumb Code     4  stm32f1xx_it.o(.text)
    BusFault_Handler                         0x080002e3   Thumb Code     4  stm32f1xx_it.o(.text)
    UsageFault_Handler                       0x080002e7   Thumb Code     4  stm32f1xx_it.o(.text)
    DebugMon_Handler                         0x080002eb   Thumb Code     2  stm32f1xx_it.o(.text)
    get_pin                                  0x080003cd   Thumb Code    26  drv_gpio.o(.text)
    stm32_pin_write                          0x080003e7   Thumb Code    40  drv_gpio.o(.text)
    stm32_pin_read                           0x0800040f   Thumb Code    42  drv_gpio.o(.text)
    stm32_pin_mode                           0x08000439   Thumb Code   120  drv_gpio.o(.text)
    stm32_pin_attach_irq                     0x080004cf   Thumb Code   216  drv_gpio.o(.text)
    stm32_pin_dettach_irq                    0x080005a7   Thumb Code   134  drv_gpio.o(.text)
    stm32_pin_irq_enable                     0x0800062d   Thumb Code   288  drv_gpio.o(.text)
    rt_hw_pin_init                           0x0800074d   Thumb Code    18  drv_gpio.o(.text)
    HAL_GPIO_EXTI_Callback                   0x0800075f   Thumb Code    54  drv_gpio.o(.text)
    EXTI0_IRQHandler                         0x08000795   Thumb Code    18  drv_gpio.o(.text)
    EXTI1_IRQHandler                         0x080007a7   Thumb Code    18  drv_gpio.o(.text)
    EXTI2_IRQHandler                         0x080007b9   Thumb Code    18  drv_gpio.o(.text)
    EXTI3_IRQHandler                         0x080007cb   Thumb Code    18  drv_gpio.o(.text)
    EXTI4_IRQHandler                         0x080007dd   Thumb Code    18  drv_gpio.o(.text)
    EXTI9_5_IRQHandler                       0x080007ef   Thumb Code    46  drv_gpio.o(.text)
    EXTI15_10_IRQHandler                     0x0800081d   Thumb Code    60  drv_gpio.o(.text)
    USART1_IRQHandler                        0x08000a23   Thumb Code    18  drv_usart.o(.text)
    rt_hw_usart_init                         0x08000a67   Thumb Code    58  drv_usart.o(.text)
    HAL_UART_MspInit                         0x08000aa1   Thumb Code   366  drv_usart.o(.text)
    HAL_UART_MspDeInit                       0x08000c0f   Thumb Code   280  drv_usart.o(.text)
    SystemInit                               0x08000d35   Thumb Code    70  system_stm32f1xx.o(.text)
    SystemCoreClockUpdate                    0x08000d7b   Thumb Code   142  system_stm32f1xx.o(.text)
    HAL_GPIO_Init                            0x08000e29   Thumb Code   790  stm32f1xx_hal_gpio.o(.text)
    HAL_GPIO_DeInit                          0x0800113f   Thumb Code   312  stm32f1xx_hal_gpio.o(.text)
    HAL_GPIO_ReadPin                         0x08001277   Thumb Code    16  stm32f1xx_hal_gpio.o(.text)
    HAL_GPIO_WritePin                        0x08001287   Thumb Code    12  stm32f1xx_hal_gpio.o(.text)
    HAL_GPIO_TogglePin                       0x08001293   Thumb Code     8  stm32f1xx_hal_gpio.o(.text)
    HAL_GPIO_LockPin                         0x0800129b   Thumb Code    46  stm32f1xx_hal_gpio.o(.text)
    HAL_GPIO_EXTI_IRQHandler                 0x080012cb   Thumb Code    28  stm32f1xx_hal_gpio.o(.text)
    HAL_DMA_Init                             0x08001311   Thumb Code   140  stm32f1xx_hal_dma.o(.text)
    HAL_DMA_DeInit                           0x0800139d   Thumb Code   124  stm32f1xx_hal_dma.o(.text)
    HAL_DMA_Start                            0x08001445   Thumb Code   114  stm32f1xx_hal_dma.o(.text)
    HAL_DMA_Start_IT                         0x080014b7   Thumb Code   156  stm32f1xx_hal_dma.o(.text)
    HAL_DMA_Abort                            0x08001553   Thumb Code    58  stm32f1xx_hal_dma.o(.text)
    HAL_DMA_Abort_IT                         0x0800158d   Thumb Code   422  stm32f1xx_hal_dma.o(.text)
    HAL_DMA_PollForTransfer                  0x08001733   Thumb Code  1614  stm32f1xx_hal_dma.o(.text)
    HAL_DMA_IRQHandler                       0x08001d81   Thumb Code   922  stm32f1xx_hal_dma.o(.text)
    HAL_DMA_RegisterCallback                 0x0800211b   Thumb Code    90  stm32f1xx_hal_dma.o(.text)
    HAL_DMA_UnRegisterCallback               0x08002175   Thumb Code   106  stm32f1xx_hal_dma.o(.text)
    HAL_DMA_GetState                         0x080021df   Thumb Code     8  stm32f1xx_hal_dma.o(.text)
    HAL_DMA_GetError                         0x080021e7   Thumb Code     6  stm32f1xx_hal_dma.o(.text)
    HAL_NVIC_SetPriorityGrouping             0x08002215   Thumb Code    36  stm32f1xx_hal_cortex.o(.text)
    HAL_NVIC_SetPriority                     0x08002239   Thumb Code   124  stm32f1xx_hal_cortex.o(.text)
    HAL_NVIC_EnableIRQ                       0x080022b5   Thumb Code    26  stm32f1xx_hal_cortex.o(.text)
    HAL_NVIC_DisableIRQ                      0x080022cf   Thumb Code    22  stm32f1xx_hal_cortex.o(.text)
    HAL_NVIC_SystemReset                     0x080022e5   Thumb Code    64  stm32f1xx_hal_cortex.o(.text)
    HAL_SYSTICK_Config                       0x08002325   Thumb Code    52  stm32f1xx_hal_cortex.o(.text)
    HAL_NVIC_GetPriorityGrouping             0x08002359   Thumb Code     8  stm32f1xx_hal_cortex.o(.text)
    HAL_NVIC_GetPriority                     0x08002361   Thumb Code   138  stm32f1xx_hal_cortex.o(.text)
    HAL_NVIC_SetPendingIRQ                   0x080023eb   Thumb Code    24  stm32f1xx_hal_cortex.o(.text)
    HAL_NVIC_GetPendingIRQ                   0x08002403   Thumb Code    38  stm32f1xx_hal_cortex.o(.text)
    HAL_NVIC_ClearPendingIRQ                 0x08002429   Thumb Code    22  stm32f1xx_hal_cortex.o(.text)
    HAL_NVIC_GetActive                       0x0800243f   Thumb Code    38  stm32f1xx_hal_cortex.o(.text)
    HAL_SYSTICK_CLKSourceConfig              0x08002465   Thumb Code    40  stm32f1xx_hal_cortex.o(.text)
    HAL_SYSTICK_Callback                     0x0800248d   Thumb Code     2  stm32f1xx_hal_cortex.o(.text)
    HAL_SYSTICK_IRQHandler                   0x0800248f   Thumb Code     8  stm32f1xx_hal_cortex.o(.text)
    HAL_RCC_DeInit                           0x080024b9   Thumb Code    64  stm32f1xx_hal_rcc.o(.text)
    HAL_RCC_OscConfig                        0x0800251d   Thumb Code  1090  stm32f1xx_hal_rcc.o(.text)
    HAL_RCC_GetSysClockFreq                  0x0800295f   Thumb Code   118  stm32f1xx_hal_rcc.o(.text)
    HAL_RCC_ClockConfig                      0x080029d5   Thumb Code   402  stm32f1xx_hal_rcc.o(.text)
    HAL_RCC_MCOConfig                        0x08002b67   Thumb Code    92  stm32f1xx_hal_rcc.o(.text)
    HAL_RCC_EnableCSS                        0x08002bc3   Thumb Code     8  stm32f1xx_hal_rcc.o(.text)
    HAL_RCC_DisableCSS                       0x08002bcb   Thumb Code     8  stm32f1xx_hal_rcc.o(.text)
    HAL_RCC_GetHCLKFreq                      0x08002bd3   Thumb Code     6  stm32f1xx_hal_rcc.o(.text)
    HAL_RCC_GetPCLK1Freq                     0x08002bd9   Thumb Code    22  stm32f1xx_hal_rcc.o(.text)
    HAL_RCC_GetPCLK2Freq                     0x08002bef   Thumb Code    22  stm32f1xx_hal_rcc.o(.text)
    HAL_RCC_GetOscConfig                     0x08002c05   Thumb Code   254  stm32f1xx_hal_rcc.o(.text)
    HAL_RCC_GetClockConfig                   0x08002d03   Thumb Code    58  stm32f1xx_hal_rcc.o(.text)
    HAL_RCC_CSSCallback                      0x08002d3d   Thumb Code     2  stm32f1xx_hal_rcc.o(.text)
    HAL_RCC_NMI_IRQHandler                   0x08002d3f   Thumb Code    26  stm32f1xx_hal_rcc.o(.text)
    HAL_UART_Init                            0x08002f25   Thumb Code   114  stm32f1xx_hal_uart.o(.text)
    HAL_HalfDuplex_Init                      0x08002f97   Thumb Code   118  stm32f1xx_hal_uart.o(.text)
    HAL_LIN_Init                             0x0800300d   Thumb Code   134  stm32f1xx_hal_uart.o(.text)
    HAL_MultiProcessor_Init                  0x08003093   Thumb Code   138  stm32f1xx_hal_uart.o(.text)
    HAL_UART_DeInit                          0x0800311f   Thumb Code    46  stm32f1xx_hal_uart.o(.text)
    HAL_UART_Transmit                        0x080031bd   Thumb Code   214  stm32f1xx_hal_uart.o(.text)
    HAL_UART_Receive                         0x08003293   Thumb Code   222  stm32f1xx_hal_uart.o(.text)
    HAL_UART_Transmit_IT                     0x08003371   Thumb Code    88  stm32f1xx_hal_uart.o(.text)
    HAL_UART_Receive_IT                      0x080033c9   Thumb Code   112  stm32f1xx_hal_uart.o(.text)
    HAL_UART_ErrorCallback                   0x08003439   Thumb Code     2  stm32f1xx_hal_uart.o(.text)
    HAL_UART_TxHalfCpltCallback              0x080034bf   Thumb Code     2  stm32f1xx_hal_uart.o(.text)
    HAL_UART_TxCpltCallback                  0x080034cf   Thumb Code     2  stm32f1xx_hal_uart.o(.text)
    HAL_UART_Transmit_DMA                    0x08003507   Thumb Code   142  stm32f1xx_hal_uart.o(.text)
    HAL_UART_RxHalfCpltCallback              0x08003595   Thumb Code     2  stm32f1xx_hal_uart.o(.text)
    HAL_UART_RxCpltCallback                  0x080035a5   Thumb Code     2  stm32f1xx_hal_uart.o(.text)
    HAL_UART_Receive_DMA                     0x080035ed   Thumb Code   182  stm32f1xx_hal_uart.o(.text)
    HAL_UART_DMAPause                        0x080036a3   Thumb Code   124  stm32f1xx_hal_uart.o(.text)
    HAL_UART_DMAResume                       0x0800371f   Thumb Code   126  stm32f1xx_hal_uart.o(.text)
    HAL_UART_DMAStop                         0x0800379d   Thumb Code   102  stm32f1xx_hal_uart.o(.text)
    HAL_UART_Abort                           0x08003803   Thumb Code   126  stm32f1xx_hal_uart.o(.text)
    HAL_UART_AbortTransmit                   0x08003881   Thumb Code    68  stm32f1xx_hal_uart.o(.text)
    HAL_UART_AbortReceive                    0x080038c5   Thumb Code    80  stm32f1xx_hal_uart.o(.text)
    HAL_UART_AbortCpltCallback               0x08003915   Thumb Code     2  stm32f1xx_hal_uart.o(.text)
    HAL_UART_Abort_IT                        0x08003995   Thumb Code   208  stm32f1xx_hal_uart.o(.text)
    HAL_UART_AbortTransmitCpltCallback       0x08003a65   Thumb Code     2  stm32f1xx_hal_uart.o(.text)
    HAL_UART_AbortTransmit_IT                0x08003a7f   Thumb Code   102  stm32f1xx_hal_uart.o(.text)
    HAL_UART_AbortReceiveCpltCallback        0x08003ae5   Thumb Code     2  stm32f1xx_hal_uart.o(.text)
    HAL_UART_AbortReceive_IT                 0x08003aff   Thumb Code   114  stm32f1xx_hal_uart.o(.text)
    HAL_UART_IRQHandler                      0x08003cb3   Thumb Code   348  stm32f1xx_hal_uart.o(.text)
    HAL_LIN_SendBreak                        0x08003e0f   Thumb Code    62  stm32f1xx_hal_uart.o(.text)
    HAL_MultiProcessor_EnterMuteMode         0x08003e4d   Thumb Code    62  stm32f1xx_hal_uart.o(.text)
    HAL_MultiProcessor_ExitMuteMode          0x08003e8b   Thumb Code    62  stm32f1xx_hal_uart.o(.text)
    HAL_HalfDuplex_EnableTransmitter         0x08003ec9   Thumb Code    68  stm32f1xx_hal_uart.o(.text)
    HAL_HalfDuplex_EnableReceiver            0x08003f0d   Thumb Code    68  stm32f1xx_hal_uart.o(.text)
    HAL_UART_GetState                        0x08003f51   Thumb Code    20  stm32f1xx_hal_uart.o(.text)
    HAL_UART_GetError                        0x08003f65   Thumb Code     6  stm32f1xx_hal_uart.o(.text)
    HAL_InitTick                             0x08003f6f   Thumb Code    36  stm32f1xx_hal.o(.text)
    HAL_Init                                 0x08003f93   Thumb Code    34  stm32f1xx_hal.o(.text)
    HAL_MspDeInit                            0x08003fb5   Thumb Code     2  stm32f1xx_hal.o(.text)
    HAL_DeInit                               0x08003fb7   Thumb Code    30  stm32f1xx_hal.o(.text)
    HAL_IncTick                              0x08003fd5   Thumb Code    12  stm32f1xx_hal.o(.text)
    HAL_GetTick                              0x08003fe1   Thumb Code     6  stm32f1xx_hal.o(.text)
    HAL_Delay                                0x08003fe7   Thumb Code    30  stm32f1xx_hal.o(.text)
    HAL_SuspendTick                          0x08004005   Thumb Code    18  stm32f1xx_hal.o(.text)
    HAL_ResumeTick                           0x08004017   Thumb Code    18  stm32f1xx_hal.o(.text)
    HAL_GetHalVersion                        0x08004029   Thumb Code     4  stm32f1xx_hal.o(.text)
    HAL_GetREVID                             0x0800402d   Thumb Code     8  stm32f1xx_hal.o(.text)
    HAL_GetDEVID                             0x08004035   Thumb Code    10  stm32f1xx_hal.o(.text)
    HAL_DBGMCU_EnableDBGSleepMode            0x0800403f   Thumb Code    14  stm32f1xx_hal.o(.text)
    HAL_DBGMCU_DisableDBGSleepMode           0x0800404d   Thumb Code    14  stm32f1xx_hal.o(.text)
    HAL_DBGMCU_EnableDBGStopMode             0x0800405b   Thumb Code    14  stm32f1xx_hal.o(.text)
    HAL_DBGMCU_DisableDBGStopMode            0x08004069   Thumb Code    14  stm32f1xx_hal.o(.text)
    HAL_DBGMCU_EnableDBGStandbyMode          0x08004077   Thumb Code    14  stm32f1xx_hal.o(.text)
    HAL_DBGMCU_DisableDBGStandbyMode         0x08004085   Thumb Code    14  stm32f1xx_hal.o(.text)
    HAL_GetUID                               0x08004093   Thumb Code    24  stm32f1xx_hal.o(.text)
    Reset_Handler                            0x080040c9   Thumb Code     8  startup_stm32f103xe.o(.text)
    SVC_Handler                              0x080040db   Thumb Code     2  startup_stm32f103xe.o(.text)
    ADC1_2_IRQHandler                        0x080040e3   Thumb Code     0  startup_stm32f103xe.o(.text)
    ADC3_IRQHandler                          0x080040e3   Thumb Code     0  startup_stm32f103xe.o(.text)
    CAN1_RX1_IRQHandler                      0x080040e3   Thumb Code     0  startup_stm32f103xe.o(.text)
    CAN1_SCE_IRQHandler                      0x080040e3   Thumb Code     0  startup_stm32f103xe.o(.text)
    DMA1_Channel1_IRQHandler                 0x080040e3   Thumb Code     0  startup_stm32f103xe.o(.text)
    DMA1_Channel2_IRQHandler                 0x080040e3   Thumb Code     0  startup_stm32f103xe.o(.text)
    DMA1_Channel3_IRQHandler                 0x080040e3   Thumb Code     0  startup_stm32f103xe.o(.text)
    DMA1_Channel4_IRQHandler                 0x080040e3   Thumb Code     0  startup_stm32f103xe.o(.text)
    DMA1_Channel5_IRQHandler                 0x080040e3   Thumb Code     0  startup_stm32f103xe.o(.text)
    DMA1_Channel6_IRQHandler                 0x080040e3   Thumb Code     0  startup_stm32f103xe.o(.text)
    DMA1_Channel7_IRQHandler                 0x080040e3   Thumb Code     0  startup_stm32f103xe.o(.text)
    DMA2_Channel1_IRQHandler                 0x080040e3   Thumb Code     0  startup_stm32f103xe.o(.text)
    DMA2_Channel2_IRQHandler                 0x080040e3   Thumb Code     0  startup_stm32f103xe.o(.text)
    DMA2_Channel3_IRQHandler                 0x080040e3   Thumb Code     0  startup_stm32f103xe.o(.text)
    DMA2_Channel4_5_IRQHandler               0x080040e3   Thumb Code     0  startup_stm32f103xe.o(.text)
    FLASH_IRQHandler                         0x080040e3   Thumb Code     0  startup_stm32f103xe.o(.text)
    FSMC_IRQHandler                          0x080040e3   Thumb Code     0  startup_stm32f103xe.o(.text)
    I2C1_ER_IRQHandler                       0x080040e3   Thumb Code     0  startup_stm32f103xe.o(.text)
    I2C1_EV_IRQHandler                       0x080040e3   Thumb Code     0  startup_stm32f103xe.o(.text)
    I2C2_ER_IRQHandler                       0x080040e3   Thumb Code     0  startup_stm32f103xe.o(.text)
    I2C2_EV_IRQHandler                       0x080040e3   Thumb Code     0  startup_stm32f103xe.o(.text)
    PVD_IRQHandler                           0x080040e3   Thumb Code     0  startup_stm32f103xe.o(.text)
    RCC_IRQHandler                           0x080040e3   Thumb Code     0  startup_stm32f103xe.o(.text)
    RTC_Alarm_IRQHandler                     0x080040e3   Thumb Code     0  startup_stm32f103xe.o(.text)
    RTC_IRQHandler                           0x080040e3   Thumb Code     0  startup_stm32f103xe.o(.text)
    SDIO_IRQHandler                          0x080040e3   Thumb Code     0  startup_stm32f103xe.o(.text)
    SPI1_IRQHandler                          0x080040e3   Thumb Code     0  startup_stm32f103xe.o(.text)
    SPI2_IRQHandler                          0x080040e3   Thumb Code     0  startup_stm32f103xe.o(.text)
    SPI3_IRQHandler                          0x080040e3   Thumb Code     0  startup_stm32f103xe.o(.text)
    TAMPER_IRQHandler                        0x080040e3   Thumb Code     0  startup_stm32f103xe.o(.text)
    TIM1_BRK_IRQHandler                      0x080040e3   Thumb Code     0  startup_stm32f103xe.o(.text)
    TIM1_CC_IRQHandler                       0x080040e3   Thumb Code     0  startup_stm32f103xe.o(.text)
    TIM1_TRG_COM_IRQHandler                  0x080040e3   Thumb Code     0  startup_stm32f103xe.o(.text)
    TIM1_UP_IRQHandler                       0x080040e3   Thumb Code     0  startup_stm32f103xe.o(.text)
    TIM2_IRQHandler                          0x080040e3   Thumb Code     0  startup_stm32f103xe.o(.text)
    TIM3_IRQHandler                          0x080040e3   Thumb Code     0  startup_stm32f103xe.o(.text)
    TIM4_IRQHandler                          0x080040e3   Thumb Code     0  startup_stm32f103xe.o(.text)
    TIM5_IRQHandler                          0x080040e3   Thumb Code     0  startup_stm32f103xe.o(.text)
    TIM6_IRQHandler                          0x080040e3   Thumb Code     0  startup_stm32f103xe.o(.text)
    TIM7_IRQHandler                          0x080040e3   Thumb Code     0  startup_stm32f103xe.o(.text)
    TIM8_BRK_IRQHandler                      0x080040e3   Thumb Code     0  startup_stm32f103xe.o(.text)
    TIM8_CC_IRQHandler                       0x080040e3   Thumb Code     0  startup_stm32f103xe.o(.text)
    TIM8_TRG_COM_IRQHandler                  0x080040e3   Thumb Code     0  startup_stm32f103xe.o(.text)
    TIM8_UP_IRQHandler                       0x080040e3   Thumb Code     0  startup_stm32f103xe.o(.text)
    UART4_IRQHandler                         0x080040e3   Thumb Code     0  startup_stm32f103xe.o(.text)
    UART5_IRQHandler                         0x080040e3   Thumb Code     0  startup_stm32f103xe.o(.text)
    USART2_IRQHandler                        0x080040e3   Thumb Code     0  startup_stm32f103xe.o(.text)
    USART3_IRQHandler                        0x080040e3   Thumb Code     0  startup_stm32f103xe.o(.text)
    USBWakeUp_IRQHandler                     0x080040e3   Thumb Code     0  startup_stm32f103xe.o(.text)
    USB_HP_CAN1_TX_IRQHandler                0x080040e3   Thumb Code     0  startup_stm32f103xe.o(.text)
    USB_LP_CAN1_RX0_IRQHandler               0x080040e3   Thumb Code     0  startup_stm32f103xe.o(.text)
    WWDG_IRQHandler                          0x080040e3   Thumb Code     0  startup_stm32f103xe.o(.text)
    rt_system_tick_init                      0x080040ed   Thumb Code     2  clock.o(.text)
    rt_tick_get                              0x080040ef   Thumb Code     6  clock.o(.text)
    rt_tick_set                              0x080040f5   Thumb Code    22  clock.o(.text)
    rt_tick_increase                         0x0800410b   Thumb Code    42  clock.o(.text)
    rt_tick_from_millisecond                 0x08004135   Thumb Code    30  clock.o(.text)
    rt_components_board_init                 0x08004169   Thumb Code    20  components.o(.text)
    rt_components_init                       0x0800417d   Thumb Code    20  components.o(.text)
    main_thread_entry                        0x08004191   Thumb Code    14  components.o(.text)
    rt_application_init                      0x0800419f   Thumb Code    48  components.o(.text)
    rtthread_startup                         0x080041cf   Thumb Code    46  components.o(.text)
    main                                     0x080041fd   Thumb Code    14  components.o(.text)
    rt_device_find                           0x08004235   Thumb Code    94  device.o(.text)
    rt_device_register                       0x08004293   Thumb Code    52  device.o(.text)
    rt_device_unregister                     0x080042c7   Thumb Code    64  device.o(.text)
    rt_device_init_all                       0x08004307   Thumb Code     4  device.o(.text)
    rt_device_create                         0x0800430b   Thumb Code    46  device.o(.text)
    rt_device_destroy                        0x08004339   Thumb Code    68  device.o(.text)
    rt_device_init                           0x0800437d   Thumb Code    64  device.o(.text)
    rt_device_open                           0x080043bd   Thumb Code   174  device.o(.text)
    rt_device_close                          0x0800446b   Thumb Code    92  device.o(.text)
    rt_device_read                           0x080044c7   Thumb Code    98  device.o(.text)
    rt_device_write                          0x08004529   Thumb Code    98  device.o(.text)
    rt_device_control                        0x0800458b   Thumb Code    66  device.o(.text)
    rt_device_set_rx_indicate                0x080045cd   Thumb Code    48  device.o(.text)
    rt_device_set_tx_complete                0x080045fd   Thumb Code   360  device.o(.text)
    rt_thread_idle_sethook                   0x08004765   Thumb Code    58  idle.o(.text)
    rt_thread_idle_delhook                   0x0800479f   Thumb Code    62  idle.o(.text)
    rt_thread_idle_excute                    0x080047dd   Thumb Code   178  idle.o(.text)
    rt_thread_idle_init                      0x080048b1   Thumb Code    38  idle.o(.text)
    rt_thread_idle_gethandler                0x080048d7   Thumb Code     4  idle.o(.text)
    rt_sem_init                              0x080049e5   Thumb Code    50  ipc.o(.text)
    rt_sem_detach                            0x08004a17   Thumb Code    72  ipc.o(.text)
    rt_sem_create                            0x08004a5f   Thumb Code    84  ipc.o(.text)
    rt_sem_delete                            0x08004ab3   Thumb Code   120  ipc.o(.text)
    rt_sem_take                              0x08004b2b   Thumb Code   288  ipc.o(.text)
    rt_sem_trytake                           0x08004c4b   Thumb Code    14  ipc.o(.text)
    rt_sem_release                           0x08004c59   Thumb Code   116  ipc.o(.text)
    rt_sem_control                           0x08004ccd   Thumb Code    90  ipc.o(.text)
    rt_mutex_init                            0x08004d27   Thumb Code    58  ipc.o(.text)
    rt_mutex_detach                          0x08004d61   Thumb Code    78  ipc.o(.text)
    rt_mutex_create                          0x08004daf   Thumb Code   454  ipc.o(.text)
    rt_mutex_delete                          0x08004f75   Thumb Code   126  ipc.o(.text)
    rt_mutex_take                            0x08004ff3   Thumb Code   374  ipc.o(.text)
    rt_mutex_release                         0x08005169   Thumb Code   310  ipc.o(.text)
    rt_mutex_control                         0x0800529f   Thumb Code    52  ipc.o(.text)
    rt_event_init                            0x080052d3   Thumb Code    46  ipc.o(.text)
    rt_event_detach                          0x08005301   Thumb Code    78  ipc.o(.text)
    rt_event_create                          0x0800534f   Thumb Code   276  ipc.o(.text)
    rt_event_delete                          0x08005463   Thumb Code   126  ipc.o(.text)
    rt_event_send                            0x080054e1   Thumb Code   234  ipc.o(.text)
    rt_event_recv                            0x080055cb   Thumb Code   402  ipc.o(.text)
    rt_event_control                         0x0800575d   Thumb Code    92  ipc.o(.text)
    rt_mb_init                               0x080057b9   Thumb Code    76  ipc.o(.text)
    rt_mb_detach                             0x08005805   Thumb Code   216  ipc.o(.text)
    rt_mb_create                             0x080058dd   Thumb Code   128  ipc.o(.text)
    rt_mb_delete                             0x0800595d   Thumb Code   140  ipc.o(.text)
    rt_mb_send_wait                          0x080059e9   Thumb Code   400  ipc.o(.text)
    rt_mb_send                               0x08005b79   Thumb Code    18  ipc.o(.text)
    rt_mb_recv                               0x08005b8b   Thumb Code   576  ipc.o(.text)
    rt_mb_control                            0x08005dcb   Thumb Code   104  ipc.o(.text)
    rt_mq_init                               0x08005e33   Thumb Code   118  ipc.o(.text)
    rt_mq_detach                             0x08005ea9   Thumb Code    78  ipc.o(.text)
    rt_mq_delete                             0x08005ef7   Thumb Code   126  ipc.o(.text)
    rt_mq_create                             0x08005f75   Thumb Code   170  ipc.o(.text)
    rt_mq_send                               0x0800601f   Thumb Code   222  ipc.o(.text)
    rt_mq_urgent                             0x080060fd   Thumb Code   426  ipc.o(.text)
    rt_mq_recv                               0x080062a7   Thumb Code   458  ipc.o(.text)
    rt_mq_control                            0x08006471   Thumb Code   120  ipc.o(.text)
    rt_interrupt_enter_sethook               0x08006541   Thumb Code     6  irq.o(.text)
    rt_interrupt_leave_sethook               0x08006547   Thumb Code     6  irq.o(.text)
    rt_interrupt_enter                       0x0800654d   Thumb Code    46  irq.o(.text)
    rt_interrupt_leave                       0x0800657b   Thumb Code    46  irq.o(.text)
    rt_interrupt_get_nest                    0x080065a9   Thumb Code     6  irq.o(.text)
    rt_get_errno                             0x080065bd   Thumb Code    32  kservice.o(.text)
    rt_set_errno                             0x080065dd   Thumb Code    36  kservice.o(.text)
    _rt_errno                                0x08006601   Thumb Code    30  kservice.o(.text)
    rt_memset                                0x0800661f   Thumb Code    72  kservice.o(.text)
    rt_memcpy                                0x08006667   Thumb Code   124  kservice.o(.text)
    rt_memmove                               0x080066e3   Thumb Code    66  kservice.o(.text)
    rt_memcmp                                0x08006725   Thumb Code    38  kservice.o(.text)
    rt_strlen                                0x0800674b   Thumb Code    18  kservice.o(.text)
    rt_strstr                                0x0800675d   Thumb Code    58  kservice.o(.text)
    rt_strcasecmp                            0x08006797   Thumb Code    48  kservice.o(.text)
    rt_strncpy                               0x080067c7   Thumb Code    52  kservice.o(.text)
    rt_strncmp                               0x080067fb   Thumb Code    40  kservice.o(.text)
    rt_strcmp                                0x08006823   Thumb Code    28  kservice.o(.text)
    rt_strnlen                               0x0800683f   Thumb Code    24  kservice.o(.text)
    rt_strdup                                0x08006857   Thumb Code    40  kservice.o(.text)
    strdup                                   0x08006857   Thumb Code     0  kservice.o(.text)
    rt_hw_console_output                     0x0800687f   Thumb Code     2  kservice.o(.text)
    rt_vsnprintf                             0x08006a37   Thumb Code   800  kservice.o(.text)
    rt_kprintf                               0x08006d57   Thumb Code    96  kservice.o(.text)
    rt_show_version                          0x08006db7   Thumb Code    38  kservice.o(.text)
    rt_snprintf                              0x08006ddd   Thumb Code    38  kservice.o(.text)
    rt_vsprintf                              0x08006e03   Thumb Code    22  kservice.o(.text)
    rt_sprintf                               0x08006e19   Thumb Code    34  kservice.o(.text)
    rt_console_get_device                    0x08006e3b   Thumb Code     6  kservice.o(.text)
    rt_console_set_device                    0x08006e41   Thumb Code    48  kservice.o(.text)
    rt_kputs                                 0x08006e71   Thumb Code    78  kservice.o(.text)
    rt_malloc_align                          0x08006ebf   Thumb Code    66  kservice.o(.text)
    rt_free_align                            0x08006f01   Thumb Code    16  kservice.o(.text)
    __rt_ffs                                 0x08006f11   Thumb Code    70  kservice.o(.text)
    rt_assert_set_hook                       0x08006f57   Thumb Code     6  kservice.o(.text)
    rt_assert_handler                        0x08006f5d   Thumb Code    56  kservice.o(.text)
    rt_malloc_sethook                        0x0800706d   Thumb Code     6  mem.o(.text)
    rt_free_sethook                          0x08007073   Thumb Code     6  mem.o(.text)
    rt_system_heap_init                      0x08007119   Thumb Code   204  mem.o(.text)
    rt_malloc                                0x080071e5   Thumb Code   522  mem.o(.text)
    rt_free                                  0x080073ef   Thumb Code   688  mem.o(.text)
    rt_realloc                               0x0800769f   Thumb Code   324  mem.o(.text)
    rt_calloc                                0x080077e3   Thumb Code    84  mem.o(.text)
    rt_memory_info                           0x08007837   Thumb Code    26  mem.o(.text)
    list_mem                                 0x08007851   Thumb Code    34  mem.o(.text)
    rt_mp_alloc_sethook                      0x08007961   Thumb Code     6  mempool.o(.text)
    rt_mp_free_sethook                       0x08007967   Thumb Code     6  mempool.o(.text)
    rt_mp_init                               0x0800796d   Thumb Code   128  mempool.o(.text)
    rt_mp_detach                             0x080079ed   Thumb Code   114  mempool.o(.text)
    rt_mp_create                             0x08007a5f   Thumb Code   174  mempool.o(.text)
    rt_mp_delete                             0x08007b0d   Thumb Code   172  mempool.o(.text)
    rt_mp_alloc                              0x08007bb9   Thumb Code   278  mempool.o(.text)
    rt_mp_free                               0x08007ccf   Thumb Code    98  mempool.o(.text)
    rt_object_attach_sethook                 0x08007e71   Thumb Code     6  object.o(.text)
    rt_object_detach_sethook                 0x08007e77   Thumb Code     6  object.o(.text)
    rt_object_trytake_sethook                0x08007e7d   Thumb Code     6  object.o(.text)
    rt_object_take_sethook                   0x08007e83   Thumb Code     6  object.o(.text)
    rt_object_put_sethook                    0x08007e89   Thumb Code     6  object.o(.text)
    rt_system_object_init                    0x08007e8f   Thumb Code     2  object.o(.text)
    rt_object_get_information                0x08007e91   Thumb Code    36  object.o(.text)
    rt_object_init                           0x08007eb5   Thumb Code    92  object.o(.text)
    rt_object_detach                         0x08007f11   Thumb Code    62  object.o(.text)
    rt_object_allocate                       0x08007f4f   Thumb Code   158  object.o(.text)
    rt_object_delete                         0x08007fed   Thumb Code    88  object.o(.text)
    rt_object_is_systemobject                0x08008045   Thumb Code    34  object.o(.text)
    rt_object_get_type                       0x08008067   Thumb Code    26  object.o(.text)
    rt_object_find                           0x08008081   Thumb Code   142  object.o(.text)
    rt_scheduler_sethook                     0x080081c9   Thumb Code     6  scheduler.o(.text)
    rt_system_scheduler_init                 0x08008229   Thumb Code    56  scheduler.o(.text)
    rt_system_scheduler_start                0x08008261   Thumb Code    36  scheduler.o(.text)
    rt_schedule                              0x08008285   Thumb Code   160  scheduler.o(.text)
    rt_schedule_insert_thread                0x08008325   Thumb Code    90  scheduler.o(.text)
    rt_schedule_remove_thread                0x0800837f   Thumb Code    94  scheduler.o(.text)
    rt_enter_critical                        0x080083dd   Thumb Code    28  scheduler.o(.text)
    rt_exit_critical                         0x080083f9   Thumb Code    54  scheduler.o(.text)
    rt_critical_level                        0x0800842f   Thumb Code     8  scheduler.o(.text)
    rt_thread_handle_sig                     0x080084d3   Thumb Code   156  signal.o(.text)
    rt_thread_alloc_sig                      0x08008641   Thumb Code    62  signal.o(.text)
    rt_signal_install                        0x0800867f   Thumb Code    98  signal.o(.text)
    rt_signal_mask                           0x080086e1   Thumb Code    34  signal.o(.text)
    rt_signal_unmask                         0x08008703   Thumb Code    56  signal.o(.text)
    rt_signal_wait                           0x0800873b   Thumb Code   346  signal.o(.text)
    rt_thread_free_sig                       0x08008895   Thumb Code    66  signal.o(.text)
    rt_thread_kill                           0x080088d7   Thumb Code   236  signal.o(.text)
    rt_system_signal_init                    0x080089c3   Thumb Code    38  signal.o(.text)
    rt_timer_timeout_sethook                 0x08008aa3   Thumb Code     6  timer.o(.text)
    rt_timer_init                            0x08008b35   Thumb Code    58  timer.o(.text)
    rt_timer_detach                          0x08008b6f   Thumb Code    82  timer.o(.text)
    rt_timer_create                          0x08008bc1   Thumb Code    54  timer.o(.text)
    rt_timer_delete                          0x08008bf7   Thumb Code    88  timer.o(.text)
    rt_timer_start                           0x08008c4f   Thumb Code   314  timer.o(.text)
    rt_timer_stop                            0x08008d89   Thumb Code   102  timer.o(.text)
    rt_timer_control                         0x08008def   Thumb Code    98  timer.o(.text)
    rt_timer_check                           0x08008e51   Thumb Code   416  timer.o(.text)
    rt_timer_next_timeout_tick               0x08008ff1   Thumb Code    10  timer.o(.text)
    rt_system_timer_init                     0x08008ffb   Thumb Code    24  timer.o(.text)
    rt_system_timer_thread_init              0x08009013   Thumb Code     2  timer.o(.text)
    rt_thread_suspend_sethook                0x08009051   Thumb Code     6  thread.o(.text)
    rt_thread_resume_sethook                 0x08009057   Thumb Code     6  thread.o(.text)
    rt_thread_inited_sethook                 0x0800905d   Thumb Code     6  thread.o(.text)
    rt_thread_exit                           0x08009063   Thumb Code    78  thread.o(.text)
    rt_thread_timeout                        0x080090b1   Thumb Code    90  thread.o(.text)
    rt_thread_init                           0x080091b7   Thumb Code    74  thread.o(.text)
    rt_thread_self                           0x08009201   Thumb Code     6  thread.o(.text)
    rt_thread_resume                         0x08009207   Thumb Code   120  thread.o(.text)
    rt_thread_startup                        0x0800927f   Thumb Code   108  thread.o(.text)
    rt_thread_detach                         0x080092eb   Thumb Code   126  thread.o(.text)
    rt_thread_create                         0x08009369   Thumb Code    80  thread.o(.text)
    rt_thread_delete                         0x080093b9   Thumb Code   114  thread.o(.text)
    rt_thread_yield                          0x0800942b   Thumb Code   454  thread.o(.text)
    rt_thread_suspend                        0x080095f1   Thumb Code   130  thread.o(.text)
    rt_thread_sleep                          0x08009673   Thumb Code    98  thread.o(.text)
    rt_thread_delay                          0x080096d5   Thumb Code    12  thread.o(.text)
    rt_thread_mdelay                         0x080096e1   Thumb Code    20  thread.o(.text)
    rt_thread_control                        0x080096f5   Thumb Code   154  thread.o(.text)
    rt_thread_find                           0x0800978f   Thumb Code    96  thread.o(.text)
    rt_hw_stack_init                         0x08009829   Thumb Code    70  cpuport.o(.text)
    rt_hw_exception_install                  0x0800986f   Thumb Code     6  cpuport.o(.text)
    rt_hw_hard_fault_exception               0x08009a53   Thumb Code   198  cpuport.o(.text)
    rt_hw_cpu_shutdown                       0x08009b19   Thumb Code    22  cpuport.o(.text)
    rt_hw_interrupt_disable                  0x08009dfd   Thumb Code     8  context_rvds.o(.text)
    rt_hw_interrupt_enable                   0x08009e05   Thumb Code     6  context_rvds.o(.text)
    rt_hw_context_switch                     0x08009e0b   Thumb Code    32  context_rvds.o(.text)
    rt_hw_context_switch_interrupt           0x08009e0b   Thumb Code     0  context_rvds.o(.text)
    PendSV_Handler                           0x08009e2b   Thumb Code    60  context_rvds.o(.text)
    rt_hw_context_switch_to                  0x08009e67   Thumb Code    58  context_rvds.o(.text)
    rt_hw_interrupt_thread_switch            0x08009ea1   Thumb Code     2  context_rvds.o(.text)
    HardFault_Handler                        0x08009ea3   Thumb Code    48  context_rvds.o(.text)
    rt_device_pin_register                   0x08009f9d   Thumb Code    56  pin.o(.text)
    rt_pin_attach_irq                        0x08009fd5   Thumb Code    60  pin.o(.text)
    rt_pin_dettach_irq                       0x0800a011   Thumb Code    46  pin.o(.text)
    rt_pin_irq_enable                        0x0800a03f   Thumb Code    50  pin.o(.text)
    rt_pin_mode                              0x0800a071   Thumb Code    38  pin.o(.text)
    rt_pin_write                             0x0800a097   Thumb Code    38  pin.o(.text)
    rt_pin_read                              0x0800a0bd   Thumb Code    34  pin.o(.text)
    rt_hw_serial_register                    0x0800a435   Thumb Code    80  serial.o(.text)
    rt_hw_serial_isr                         0x0800a485   Thumb Code   316  serial.o(.text)
    finsh_get_prompt                         0x0800a66d   Thumb Code    38  shell.o(.text)
    finsh_set_device                         0x0800a6f1   Thumb Code   156  shell.o(.text)
    finsh_get_device                         0x0800a78d   Thumb Code    28  shell.o(.text)
    finsh_set_echo                           0x0800a7a9   Thumb Code    30  shell.o(.text)
    finsh_get_echo                           0x0800a7c7   Thumb Code    32  shell.o(.text)
    finsh_thread_entry                       0x0800a909   Thumb Code  1358  shell.o(.text)
    finsh_system_function_init               0x0800ae57   Thumb Code    10  shell.o(.text)
    finsh_system_var_init                    0x0800ae61   Thumb Code    10  shell.o(.text)
    finsh_system_init                        0x0800ae6b   Thumb Code    96  shell.o(.text)
    hello                                    0x0800af3d   Thumb Code    12  cmd.o(.text)
    version                                  0x0800af49   Thumb Code    10  cmd.o(.text)
    list_thread                              0x0800b05b   Thumb Code    18  cmd.o(.text)
    list_sem                                 0x0800b123   Thumb Code    18  cmd.o(.text)
    list_event                               0x0800b1b7   Thumb Code    18  cmd.o(.text)
    list_mutex                               0x0800b229   Thumb Code    18  cmd.o(.text)
    list_mailbox                             0x0800b2d1   Thumb Code    18  cmd.o(.text)
    list_msgqueue                            0x0800b63b   Thumb Code    18  cmd.o(.text)
    list_memheap                             0x0800b6a1   Thumb Code    18  cmd.o(.text)
    list_mempool                             0x0800b73d   Thumb Code    18  cmd.o(.text)
    list_timer                               0x0800b7c3   Thumb Code    18  cmd.o(.text)
    list_device                              0x0800b843   Thumb Code    18  cmd.o(.text)
    list                                     0x0800b855   Thumb Code    54  cmd.o(.text)
    msh_is_used                              0x0800bb25   Thumb Code     4  msh.o(.text)
    msh_help                                 0x0800bb29   Thumb Code    66  msh.o(.text)
    msh_exec                                 0x0800bd09   Thumb Code    82  msh.o(.text)
    msh_auto_complete                        0x0800bd7b   Thumb Code   138  msh.o(.text)
    cmd_ps                                   0x0800be8d   Thumb Code    14  msh_cmd.o(.text)
    cmd_time                                 0x0800be9b   Thumb Code     6  msh_cmd.o(.text)
    cmd_free                                 0x0800bea1   Thumb Code    14  msh_cmd.o(.text)
    thread1_entry                            0x0800beb1   Thumb Code    76  dynmem_sample.o(.text)
    dynmem_sample                            0x0800befd   Thumb Code    42  dynmem_sample.o(.text)
    event_sample                             0x0800c019   Thumb Code   104  event_sample.o(.text)
    idle_hook_sample                         0x0800c201   Thumb Code    52  idlehook_sample.o(.text)
    interrupt_sample                         0x0800c2ed   Thumb Code    70  interrupt_sample.o(.text)
    mailbox_sample                           0x0800c3e7   Thumb Code   112  mailbox_sample.o(.text)
    mempool_sample                           0x0800c575   Thumb Code   122  memp_sample.o(.text)
    msgq_sample                              0x0800c723   Thumb Code   118  msgq_sample.o(.text)
    mutex_sample                             0x0800c953   Thumb Code   108  mutex_sample.o(.text)
    pri_inversion                            0x0800cb4f   Thumb Code   156  priority_inversion.o(.text)
    producer_thread_entry                    0x0800ccc5   Thumb Code   120  producer_consumer.o(.text)
    consumer_thread_entry                    0x0800cd3d   Thumb Code   156  producer_consumer.o(.text)
    producer_consumer                        0x0800cdd9   Thumb Code   134  producer_consumer.o(.text)
    scheduler_hook                           0x0800cf6b   Thumb Code    92  scheduler_hook.o(.text)
    semaphore_sample                         0x0800d097   Thumb Code   118  semaphore_sample.o(.text)
    thread1_signal_handler                   0x0800d221   Thumb Code    14  signal_sample.o(.text)
    signal_sample                            0x0800d25d   Thumb Code    64  signal_sample.o(.text)
    thread_sample                            0x0800d315   Thumb Code    84  thread_sample.o(.text)
    timer_sample                             0x0800d3ff   Thumb Code    74  timer_sample.o(.text)
    timeslice_sample                         0x0800d4f5   Thumb Code    72  timeslice_sample.o(.text)
    __aeabi_memcpy                           0x0800d57d   Thumb Code    36  memcpya.o(.text)
    __aeabi_memcpy4                          0x0800d57d   Thumb Code     0  memcpya.o(.text)
    __aeabi_memcpy8                          0x0800d57d   Thumb Code     0  memcpya.o(.text)
    __aeabi_memset                           0x0800d5a1   Thumb Code    14  memseta.o(.text)
    __aeabi_memset4                          0x0800d5a1   Thumb Code     0  memseta.o(.text)
    __aeabi_memset8                          0x0800d5a1   Thumb Code     0  memseta.o(.text)
    __aeabi_memclr                           0x0800d5af   Thumb Code     4  memseta.o(.text)
    __aeabi_memclr4                          0x0800d5af   Thumb Code     0  memseta.o(.text)
    __aeabi_memclr8                          0x0800d5af   Thumb Code     0  memseta.o(.text)
    _memset$wrapper                          0x0800d5b3   Thumb Code    18  memseta.o(.text)
    strcat                                   0x0800d5c5   Thumb Code    24  strcat.o(.text)
    strlen                                   0x0800d5dd   Thumb Code    14  strlen.o(.text)
    memcmp                                   0x0800d5eb   Thumb Code    26  memcmp.o(.text)
    strcpy                                   0x0800d605   Thumb Code    18  strcpy.o(.text)
    strncmp                                  0x0800d617   Thumb Code    30  strncmp.o(.text)
    __scatterload                            0x0800d635   Thumb Code    28  init.o(.text)
    __scatterload_rt2                        0x0800d635   Thumb Code     0  init.o(.text)
    __decompress                             0x0800d659   Thumb Code     0  __dczerorl2.o(.text)
    __decompress1                            0x0800d659   Thumb Code    86  __dczerorl2.o(.text)
    __scatterload_copy                       0x0800d6af   Thumb Code    14  handlers.o(i.__scatterload_copy)
    __scatterload_null                       0x0800d6bd   Thumb Code     2  handlers.o(i.__scatterload_null)
    __scatterload_zeroinit                   0x0800d6bf   Thumb Code    14  handlers.o(i.__scatterload_zeroinit)
    AHBPrescTable                            0x0800e0b7   Data          16  system_stm32f1xx.o(.constdata)
    APBPrescTable                            0x0800e0c7   Data           8  system_stm32f1xx.o(.constdata)
    __lowest_bit_bitmap                      0x0800e3b9   Data         256  kservice.o(.constdata)
    __fsym_list_mem_name                     0x0800edbd   Data           9  mem.o(.rodata.name)
    __fsym_list_mem_desc                     0x0800edc6   Data          30  mem.o(.rodata.name)
    __fsym_pinMode_name                      0x0800ede4   Data           8  pin.o(.rodata.name)
    __fsym_pinMode_desc                      0x0800edec   Data          22  pin.o(.rodata.name)
    __fsym_pinWrite_name                     0x0800ee02   Data           9  pin.o(.rodata.name)
    __fsym_pinWrite_desc                     0x0800ee0b   Data          28  pin.o(.rodata.name)
    __fsym_pinRead_name                      0x0800ee27   Data           8  pin.o(.rodata.name)
    __fsym_pinRead_desc                      0x0800ee2f   Data          30  pin.o(.rodata.name)
    __fsym_hello_name                        0x0800ee4d   Data           6  cmd.o(.rodata.name)
    __fsym_hello_desc                        0x0800ee53   Data          16  cmd.o(.rodata.name)
    __fsym_version_name                      0x0800ee63   Data           8  cmd.o(.rodata.name)
    __fsym_version_desc                      0x0800ee6b   Data          35  cmd.o(.rodata.name)
    __fsym___cmd_version_name                0x0800ee8e   Data          14  cmd.o(.rodata.name)
    __fsym___cmd_version_desc                0x0800ee9c   Data          35  cmd.o(.rodata.name)
    __fsym_list_thread_name                  0x0800eebf   Data          12  cmd.o(.rodata.name)
    __fsym_list_thread_desc                  0x0800eecb   Data          12  cmd.o(.rodata.name)
    __fsym___cmd_list_thread_name            0x0800eed7   Data          18  cmd.o(.rodata.name)
    __fsym___cmd_list_thread_desc            0x0800eee9   Data          12  cmd.o(.rodata.name)
    __fsym_list_sem_name                     0x0800eef5   Data           9  cmd.o(.rodata.name)
    __fsym_list_sem_desc                     0x0800eefe   Data          25  cmd.o(.rodata.name)
    __fsym___cmd_list_sem_name               0x0800ef17   Data          15  cmd.o(.rodata.name)
    __fsym___cmd_list_sem_desc               0x0800ef26   Data          25  cmd.o(.rodata.name)
    __fsym_list_event_name                   0x0800ef3f   Data          11  cmd.o(.rodata.name)
    __fsym_list_event_desc                   0x0800ef4a   Data          21  cmd.o(.rodata.name)
    __fsym___cmd_list_event_name             0x0800ef5f   Data          17  cmd.o(.rodata.name)
    __fsym___cmd_list_event_desc             0x0800ef70   Data          21  cmd.o(.rodata.name)
    __fsym_list_mutex_name                   0x0800ef85   Data          11  cmd.o(.rodata.name)
    __fsym_list_mutex_desc                   0x0800ef90   Data          21  cmd.o(.rodata.name)
    __fsym___cmd_list_mutex_name             0x0800efa5   Data          17  cmd.o(.rodata.name)
    __fsym___cmd_list_mutex_desc             0x0800efb6   Data          21  cmd.o(.rodata.name)
    __fsym_list_mailbox_name                 0x0800efcb   Data          13  cmd.o(.rodata.name)
    __fsym_list_mailbox_desc                 0x0800efd8   Data          24  cmd.o(.rodata.name)
    __fsym___cmd_list_mailbox_name           0x0800eff0   Data          19  cmd.o(.rodata.name)
    __fsym___cmd_list_mailbox_desc           0x0800f003   Data          24  cmd.o(.rodata.name)
    __fsym_list_msgqueue_name                0x0800f01b   Data          14  cmd.o(.rodata.name)
    __fsym_list_msgqueue_desc                0x0800f029   Data          29  cmd.o(.rodata.name)
    __fsym___cmd_list_msgqueue_name          0x0800f046   Data          20  cmd.o(.rodata.name)
    __fsym___cmd_list_msgqueue_desc          0x0800f05a   Data          29  cmd.o(.rodata.name)
    __fsym_list_memheap_name                 0x0800f077   Data          13  cmd.o(.rodata.name)
    __fsym_list_memheap_desc                 0x0800f084   Data          27  cmd.o(.rodata.name)
    __fsym___cmd_list_memheap_name           0x0800f09f   Data          19  cmd.o(.rodata.name)
    __fsym___cmd_list_memheap_desc           0x0800f0b2   Data          27  cmd.o(.rodata.name)
    __fsym_list_mempool_name                 0x0800f0cd   Data          13  cmd.o(.rodata.name)
    __fsym_list_mempool_desc                 0x0800f0da   Data          27  cmd.o(.rodata.name)
    __fsym___cmd_list_mempool_name           0x0800f0f5   Data          19  cmd.o(.rodata.name)
    __fsym___cmd_list_mempool_desc           0x0800f108   Data          27  cmd.o(.rodata.name)
    __fsym_list_timer_name                   0x0800f123   Data          11  cmd.o(.rodata.name)
    __fsym_list_timer_desc                   0x0800f12e   Data          21  cmd.o(.rodata.name)
    __fsym___cmd_list_timer_name             0x0800f143   Data          17  cmd.o(.rodata.name)
    __fsym___cmd_list_timer_desc             0x0800f154   Data          21  cmd.o(.rodata.name)
    __fsym_list_device_name                  0x0800f169   Data          12  cmd.o(.rodata.name)
    __fsym_list_device_desc                  0x0800f175   Data          22  cmd.o(.rodata.name)
    __fsym___cmd_list_device_name            0x0800f18b   Data          18  cmd.o(.rodata.name)
    __fsym___cmd_list_device_desc            0x0800f19d   Data          22  cmd.o(.rodata.name)
    __fsym_list_name                         0x0800f1b3   Data           5  cmd.o(.rodata.name)
    __fsym_list_desc                         0x0800f1b8   Data          26  cmd.o(.rodata.name)
    __fsym___cmd_help_name                   0x0800f1d2   Data          11  msh.o(.rodata.name)
    __fsym___cmd_help_desc                   0x0800f1dd   Data          22  msh.o(.rodata.name)
    __fsym___cmd_ps_name                     0x0800f1f3   Data           9  msh_cmd.o(.rodata.name)
    __fsym___cmd_ps_desc                     0x0800f1fc   Data          28  msh_cmd.o(.rodata.name)
    __fsym___cmd_time_name                   0x0800f218   Data          11  msh_cmd.o(.rodata.name)
    __fsym___cmd_time_desc                   0x0800f223   Data          27  msh_cmd.o(.rodata.name)
    __fsym___cmd_free_name                   0x0800f23e   Data          11  msh_cmd.o(.rodata.name)
    __fsym___cmd_free_desc                   0x0800f249   Data          37  msh_cmd.o(.rodata.name)
    __fsym___cmd_dynmem_sample_name          0x0800f26e   Data          20  dynmem_sample.o(.rodata.name)
    __fsym___cmd_dynmem_sample_desc          0x0800f282   Data          14  dynmem_sample.o(.rodata.name)
    __fsym___cmd_event_sample_name           0x0800f290   Data          19  event_sample.o(.rodata.name)
    __fsym___cmd_event_sample_desc           0x0800f2a3   Data          13  event_sample.o(.rodata.name)
    __fsym___cmd_idle_hook_sample_name       0x0800f2b0   Data          23  idlehook_sample.o(.rodata.name)
    __fsym___cmd_idle_hook_sample_desc       0x0800f2c7   Data          17  idlehook_sample.o(.rodata.name)
    __fsym___cmd_interrupt_sample_name       0x0800f2d8   Data          23  interrupt_sample.o(.rodata.name)
    __fsym___cmd_interrupt_sample_desc       0x0800f2ef   Data          17  interrupt_sample.o(.rodata.name)
    __fsym___cmd_mailbox_sample_name         0x0800f300   Data          21  mailbox_sample.o(.rodata.name)
    __fsym___cmd_mailbox_sample_desc         0x0800f315   Data          15  mailbox_sample.o(.rodata.name)
    __fsym___cmd_mempool_sample_name         0x0800f324   Data          21  memp_sample.o(.rodata.name)
    __fsym___cmd_mempool_sample_desc         0x0800f339   Data          15  memp_sample.o(.rodata.name)
    __fsym___cmd_msgq_sample_name            0x0800f348   Data          18  msgq_sample.o(.rodata.name)
    __fsym___cmd_msgq_sample_desc            0x0800f35a   Data          12  msgq_sample.o(.rodata.name)
    __fsym___cmd_mutex_sample_name           0x0800f366   Data          19  mutex_sample.o(.rodata.name)
    __fsym___cmd_mutex_sample_desc           0x0800f379   Data          13  mutex_sample.o(.rodata.name)
    __fsym___cmd_pri_inversion_name          0x0800f386   Data          20  priority_inversion.o(.rodata.name)
    __fsym___cmd_pri_inversion_desc          0x0800f39a   Data          21  priority_inversion.o(.rodata.name)
    __fsym___cmd_producer_consumer_name      0x0800f3af   Data          24  producer_consumer.o(.rodata.name)
    __fsym___cmd_producer_consumer_desc      0x0800f3c7   Data          25  producer_consumer.o(.rodata.name)
    __fsym___cmd_scheduler_hook_name         0x0800f3e0   Data          21  scheduler_hook.o(.rodata.name)
    __fsym___cmd_scheduler_hook_desc         0x0800f3f5   Data          22  scheduler_hook.o(.rodata.name)
    __fsym___cmd_semaphore_sample_name       0x0800f40b   Data          23  semaphore_sample.o(.rodata.name)
    __fsym___cmd_semaphore_sample_desc       0x0800f422   Data          17  semaphore_sample.o(.rodata.name)
    __fsym___cmd_signal_sample_name          0x0800f433   Data          20  signal_sample.o(.rodata.name)
    __fsym___cmd_signal_sample_desc          0x0800f447   Data          14  signal_sample.o(.rodata.name)
    __fsym___cmd_thread_sample_name          0x0800f455   Data          20  thread_sample.o(.rodata.name)
    __fsym___cmd_thread_sample_desc          0x0800f469   Data          14  thread_sample.o(.rodata.name)
    __fsym___cmd_timer_sample_name           0x0800f477   Data          19  timer_sample.o(.rodata.name)
    __fsym___cmd_timer_sample_desc           0x0800f48a   Data          13  timer_sample.o(.rodata.name)
    __fsym___cmd_timeslice_sample_name       0x0800f497   Data          23  timeslice_sample.o(.rodata.name)
    __fsym___cmd_timeslice_sample_desc       0x0800f4ae   Data          17  timeslice_sample.o(.rodata.name)
    __rt_init_rti_start                      0x0800f4c0   Data           4  components.o(.rti_fn.0)
    __rt_init_rti_board_start                0x0800f4c4   Data           4  components.o(.rti_fn.0.end)
    __rt_init_rt_hw_pin_init                 0x0800f4c8   Data           4  drv_gpio.o(.rti_fn.1)
    __rt_init_rt_hw_usart_init               0x0800f4cc   Data           4  drv_usart.o(.rti_fn.1)
    __rt_init_rti_board_end                  0x0800f4d0   Data           4  components.o(.rti_fn.1.end)
    __rt_init_finsh_system_init              0x0800f4d4   Data           4  shell.o(.rti_fn.6)
    __rt_init_rti_end                        0x0800f4d8   Data           4  components.o(.rti_fn.6.end)
    FSymTab$$Base                            0x0800f4dc   Number         0  mem.o(FSymTab)
    __fsym_list_mem                          0x0800f4dc   Data          12  mem.o(FSymTab)
    __fsym_pinMode                           0x0800f4e8   Data          12  pin.o(FSymTab)
    __fsym_pinWrite                          0x0800f4f4   Data          12  pin.o(FSymTab)
    __fsym_pinRead                           0x0800f500   Data          12  pin.o(FSymTab)
    __fsym_hello                             0x0800f50c   Data          12  cmd.o(FSymTab)
    __fsym_version                           0x0800f518   Data          12  cmd.o(FSymTab)
    __fsym___cmd_version                     0x0800f524   Data          12  cmd.o(FSymTab)
    __fsym_list_thread                       0x0800f530   Data          12  cmd.o(FSymTab)
    __fsym___cmd_list_thread                 0x0800f53c   Data          12  cmd.o(FSymTab)
    __fsym_list_sem                          0x0800f548   Data          12  cmd.o(FSymTab)
    __fsym___cmd_list_sem                    0x0800f554   Data          12  cmd.o(FSymTab)
    __fsym_list_event                        0x0800f560   Data          12  cmd.o(FSymTab)
    __fsym___cmd_list_event                  0x0800f56c   Data          12  cmd.o(FSymTab)
    __fsym_list_mutex                        0x0800f578   Data          12  cmd.o(FSymTab)
    __fsym___cmd_list_mutex                  0x0800f584   Data          12  cmd.o(FSymTab)
    __fsym_list_mailbox                      0x0800f590   Data          12  cmd.o(FSymTab)
    __fsym___cmd_list_mailbox                0x0800f59c   Data          12  cmd.o(FSymTab)
    __fsym_list_msgqueue                     0x0800f5a8   Data          12  cmd.o(FSymTab)
    __fsym___cmd_list_msgqueue               0x0800f5b4   Data          12  cmd.o(FSymTab)
    __fsym_list_memheap                      0x0800f5c0   Data          12  cmd.o(FSymTab)
    __fsym___cmd_list_memheap                0x0800f5cc   Data          12  cmd.o(FSymTab)
    __fsym_list_mempool                      0x0800f5d8   Data          12  cmd.o(FSymTab)
    __fsym___cmd_list_mempool                0x0800f5e4   Data          12  cmd.o(FSymTab)
    __fsym_list_timer                        0x0800f5f0   Data          12  cmd.o(FSymTab)
    __fsym___cmd_list_timer                  0x0800f5fc   Data          12  cmd.o(FSymTab)
    __fsym_list_device                       0x0800f608   Data          12  cmd.o(FSymTab)
    __fsym___cmd_list_device                 0x0800f614   Data          12  cmd.o(FSymTab)
    __fsym_list                              0x0800f620   Data          12  cmd.o(FSymTab)
    __fsym___cmd_help                        0x0800f62c   Data          12  msh.o(FSymTab)
    __fsym___cmd_ps                          0x0800f638   Data          12  msh_cmd.o(FSymTab)
    __fsym___cmd_time                        0x0800f644   Data          12  msh_cmd.o(FSymTab)
    __fsym___cmd_free                        0x0800f650   Data          12  msh_cmd.o(FSymTab)
    __fsym___cmd_dynmem_sample               0x0800f65c   Data          12  dynmem_sample.o(FSymTab)
    __fsym___cmd_event_sample                0x0800f668   Data          12  event_sample.o(FSymTab)
    __fsym___cmd_idle_hook_sample            0x0800f674   Data          12  idlehook_sample.o(FSymTab)
    __fsym___cmd_interrupt_sample            0x0800f680   Data          12  interrupt_sample.o(FSymTab)
    __fsym___cmd_mailbox_sample              0x0800f68c   Data          12  mailbox_sample.o(FSymTab)
    __fsym___cmd_mempool_sample              0x0800f698   Data          12  memp_sample.o(FSymTab)
    __fsym___cmd_msgq_sample                 0x0800f6a4   Data          12  msgq_sample.o(FSymTab)
    __fsym___cmd_mutex_sample                0x0800f6b0   Data          12  mutex_sample.o(FSymTab)
    __fsym___cmd_pri_inversion               0x0800f6bc   Data          12  priority_inversion.o(FSymTab)
    __fsym___cmd_producer_consumer           0x0800f6c8   Data          12  producer_consumer.o(FSymTab)
    __fsym___cmd_scheduler_hook              0x0800f6d4   Data          12  scheduler_hook.o(FSymTab)
    __fsym___cmd_semaphore_sample            0x0800f6e0   Data          12  semaphore_sample.o(FSymTab)
    __fsym___cmd_signal_sample               0x0800f6ec   Data          12  signal_sample.o(FSymTab)
    __fsym___cmd_thread_sample               0x0800f6f8   Data          12  thread_sample.o(FSymTab)
    __fsym___cmd_timer_sample                0x0800f704   Data          12  timer_sample.o(FSymTab)
    __fsym___cmd_timeslice_sample            0x0800f710   Data          12  timeslice_sample.o(FSymTab)
    FSymTab$$Limit                           0x0800f71c   Number         0  timeslice_sample.o(FSymTab)
    Region$$Table$$Base                      0x0800f71c   Number         0  anon$$obj.o(Region$$Table)
    Region$$Table$$Limit                     0x0800f73c   Number         0  anon$$obj.o(Region$$Table)
    pin_irq_hdr_tab                          0x20000000   Data         192  drv_gpio.o(.data)
    uart1                                    0x200000c0   Data          68  drv_usart.o(.data)
    SystemCoreClock                          0x20000104   Data           4  system_stm32f1xx.o(.data)
    uwTick                                   0x20000108   Data           4  stm32f1xx_hal.o(.data)
    rt_interrupt_nest                        0x20000118   Data           1  irq.o(.data)
    rt_assert_hook                           0x20000124   Data           4  kservice.o(.data)
    rt_object_trytake_hook                   0x200001f8   Data           4  object.o(.data)
    rt_object_take_hook                      0x200001fc   Data           4  object.o(.data)
    rt_object_put_hook                       0x20000200   Data           4  object.o(.data)
    rt_current_thread                        0x20000208   Data           4  scheduler.o(.data)
    rt_current_priority                      0x2000020c   Data           1  scheduler.o(.data)
    rt_thread_ready_priority_group           0x20000210   Data           4  scheduler.o(.data)
    rt_thread_defunct                        0x20000214   Data           8  scheduler.o(.data)
    rt_interrupt_from_thread                 0x20000240   Data           4  cpuport.o(.data)
    rt_interrupt_to_thread                   0x20000244   Data           4  cpuport.o(.data)
    rt_thread_switch_interrupt_flag          0x20000248   Data           4  cpuport.o(.data)
    shell                                    0x20000250   Data           4  shell.o(.data)
    _syscall_table_begin                     0x20000254   Data           4  symbol.o(.data)
    _syscall_table_end                       0x20000258   Data           4  symbol.o(.data)
    _sysvar_table_begin                      0x2000025c   Data           4  symbol.o(.data)
    _sysvar_table_end                        0x20000260   Data           4  symbol.o(.data)
    count                                    0x200002c8   Data           8  scheduler_hook.o(.data)
    serial1                                  0x200002fc   Data          84  drv_usart.o(.bss)
    rt_thread_priority_table                 0x20000594   Data         256  scheduler.o(.bss)
    array                                    0x20004600   Data          20  producer_consumer.o(.bss)
    sem_lock                                 0x20004614   Data          32  producer_consumer.o(.bss)
    sem_empty                                0x20004634   Data          32  producer_consumer.o(.bss)
    sem_full                                 0x20004654   Data          32  producer_consumer.o(.bss)
    Image$$RW_IRAM1$$ZI$$Limit               0x20005830   Number         0  anon$$obj.o ABSOLUTE
    __initial_sp                             0x20005830   Data           0  startup_stm32f103xe.o(STACK)



==============================================================================

Memory Map of the image

  Image Entry point : 0x08000131

  Load Region LR_IROM1 (Base: 0x08000000, Size: 0x0000fa38, Max: 0x000c0000, ABSOLUTE, COMPRESSED[0x0000f7d0])

    Execution Region ER_IROM1 (Exec base: 0x08000000, Load base: 0x08000000, Size: 0x0000f73c, Max: 0x000c0000, ABSOLUTE)

    Exec Addr    Load Addr    Size         Type   Attr      Idx    E Section Name        Object

    0x08000000   0x08000000   0x00000130   Data   RO         1247    RESET               startup_stm32f103xe.o
    0x08000130   0x08000130   0x00000000   Code   RO         1971  * .ARM.Collect$$$$00000000  mc_w.l(entry.o)
    0x08000130   0x08000130   0x00000004   Code   RO         1992    .ARM.Collect$$$$00000001  mc_w.l(entry2.o)
    0x08000134   0x08000134   0x00000004   Code   RO         1995    .ARM.Collect$$$$00000004  mc_w.l(entry5.o)
    0x08000138   0x08000138   0x00000000   Code   RO         1997    .ARM.Collect$$$$00000008  mc_w.l(entry7b.o)
    0x08000138   0x08000138   0x00000000   Code   RO         1999    .ARM.Collect$$$$0000000A  mc_w.l(entry8b.o)
    0x08000138   0x08000138   0x00000008   Code   RO         2000    .ARM.Collect$$$$0000000B  mc_w.l(entry9a.o)
    0x08000140   0x08000140   0x00000004   Code   RO         2007    .ARM.Collect$$$$0000000E  mc_w.l(entry12b.o)
    0x08000144   0x08000144   0x00000000   Code   RO         2002    .ARM.Collect$$$$0000000F  mc_w.l(entry10a.o)
    0x08000144   0x08000144   0x00000000   Code   RO         2004    .ARM.Collect$$$$00000011  mc_w.l(entry11a.o)
    0x08000144   0x08000144   0x00000004   Code   RO         1993    .ARM.Collect$$$$00002712  mc_w.l(entry2.o)
    0x08000148   0x08000148   0x00000004   Code   RO            1    .text               main.o
    0x0800014c   0x0800014c   0x00000190   Code   RO          107    .text               board.o
    0x080002dc   0x080002dc   0x00000010   Code   RO          219    .text               stm32f1xx_it.o
    0x080002ec   0x080002ec   0x0000057c   Code   RO          246    .text               drv_gpio.o
    0x08000868   0x08000868   0x000004cc   Code   RO          275    .text               drv_usart.o
    0x08000d34   0x08000d34   0x000000f4   Code   RO          312    .text               system_stm32f1xx.o
    0x08000e28   0x08000e28   0x000004e8   Code   RO          379    .text               stm32f1xx_hal_gpio.o
    0x08001310   0x08001310   0x00000ee4   Code   RO          479    .text               stm32f1xx_hal_dma.o
    0x080021f4   0x080021f4   0x000002c4   Code   RO          503    .text               stm32f1xx_hal_cortex.o
    0x080024b8   0x080024b8   0x000008a8   Code   RO          627    .text               stm32f1xx_hal_rcc.o
    0x08002d60   0x08002d60   0x0000120a   Code   RO          813    .text               stm32f1xx_hal_uart.o
    0x08003f6a   0x08003f6a   0x00000002   PAD
    0x08003f6c   0x08003f6c   0x0000015c   Code   RO          879    .text               stm32f1xx_hal.o
    0x080040c8   0x080040c8   0x00000024   Code   RO         1248    .text               startup_stm32f103xe.o
    0x080040ec   0x080040ec   0x0000006c   Code   RO         1252    .text               clock.o
    0x08004158   0x08004158   0x000000dc   Code   RO         1266    .text               components.o
    0x08004234   0x08004234   0x00000530   Code   RO         1285    .text               device.o
    0x08004764   0x08004764   0x000001d4   Code   RO         1298    .text               idle.o
    0x08004938   0x08004938   0x00001c08   Code   RO         1317    .text               ipc.o
    0x08006540   0x08006540   0x0000007c   Code   RO         1335    .text               irq.o
    0x080065bc   0x080065bc   0x00000ab0   Code   RO         1350    .text               kservice.o
    0x0800706c   0x0800706c   0x000008f4   Code   RO         1370    .text               mem.o
    0x08007960   0x08007960   0x000004f0   Code   RO         1416    .text               mempool.o
    0x08007e50   0x08007e50   0x00000378   Code   RO         1434    .text               object.o
    0x080081c8   0x080081c8   0x00000308   Code   RO         1453    .text               scheduler.o
    0x080084d0   0x080084d0   0x000005c4   Code   RO         1474    .text               signal.o
    0x08008a94   0x08008a94   0x0000059c   Code   RO         1504    .text               timer.o
    0x08009030   0x08009030   0x000007f8   Code   RO         1523    .text               thread.o
    0x08009828   0x08009828   0x000005d4   Code   RO         1543    .text               cpuport.o
    0x08009dfc   0x08009dfc   0x000000f0   Code   RO         1559    .text               context_rvds.o
    0x08009eec   0x08009eec   0x00000250   Code   RO         1563    .text               pin.o
    0x0800a13c   0x0800a13c   0x00000530   Code   RO         1581    .text               serial.o
    0x0800a66c   0x0800a66c   0x000008bc   Code   RO         1594    .text               shell.o
    0x0800af28   0x0800af28   0x00000bfc   Code   RO         1635    .text               cmd.o
    0x0800bb24   0x0800bb24   0x00000368   Code   RO         1656    .text               msh.o
    0x0800be8c   0x0800be8c   0x00000022   Code   RO         1673    .text               msh_cmd.o
    0x0800beae   0x0800beae   0x00000002   PAD
    0x0800beb0   0x0800beb0   0x000000d4   Code   RO         1695    .text               dynmem_sample.o
    0x0800bf84   0x0800bf84   0x00000204   Code   RO         1711    .text               event_sample.o
    0x0800c188   0x0800c188   0x00000130   Code   RO         1728    .text               idlehook_sample.o
    0x0800c2b8   0x0800c2b8   0x000000b8   Code   RO         1745    .text               interrupt_sample.o
    0x0800c370   0x0800c370   0x00000194   Code   RO         1762    .text               mailbox_sample.o
    0x0800c504   0x0800c504   0x00000160   Code   RO         1780    .text               memp_sample.o
    0x0800c664   0x0800c664   0x0000025c   Code   RO         1798    .text               msgq_sample.o
    0x0800c8c0   0x0800c8c0   0x000001b0   Code   RO         1815    .text               mutex_sample.o
    0x0800ca70   0x0800ca70   0x00000254   Code   RO         1833    .text               priority_inversion.o
    0x0800ccc4   0x0800ccc4   0x0000027c   Code   RO         1850    .text               producer_consumer.o
    0x0800cf40   0x0800cf40   0x000000d8   Code   RO         1868    .text               scheduler_hook.o
    0x0800d018   0x0800d018   0x00000208   Code   RO         1885    .text               semaphore_sample.o
    0x0800d220   0x0800d220   0x000000bc   Code   RO         1903    .text               signal_sample.o
    0x0800d2dc   0x0800d2dc   0x000000e8   Code   RO         1920    .text               thread_sample.o
    0x0800d3c4   0x0800d3c4   0x00000104   Code   RO         1938    .text               timer_sample.o
    0x0800d4c8   0x0800d4c8   0x000000b4   Code   RO         1955    .text               timeslice_sample.o
    0x0800d57c   0x0800d57c   0x00000024   Code   RO         1976    .text               mc_w.l(memcpya.o)
    0x0800d5a0   0x0800d5a0   0x00000024   Code   RO         1978    .text               mc_w.l(memseta.o)
    0x0800d5c4   0x0800d5c4   0x00000018   Code   RO         1980    .text               mc_w.l(strcat.o)
    0x0800d5dc   0x0800d5dc   0x0000000e   Code   RO         1982    .text               mc_w.l(strlen.o)
    0x0800d5ea   0x0800d5ea   0x0000001a   Code   RO         1984    .text               mc_w.l(memcmp.o)
    0x0800d604   0x0800d604   0x00000012   Code   RO         1986    .text               mc_w.l(strcpy.o)
    0x0800d616   0x0800d616   0x0000001e   Code   RO         1988    .text               mc_w.l(strncmp.o)
    0x0800d634   0x0800d634   0x00000024   Code   RO         2008    .text               mc_w.l(init.o)
    0x0800d658   0x0800d658   0x00000056   Code   RO         2018    .text               mc_w.l(__dczerorl2.o)
    0x0800d6ae   0x0800d6ae   0x0000000e   Code   RO         2012    i.__scatterload_copy  mc_w.l(handlers.o)
    0x0800d6bc   0x0800d6bc   0x00000002   Code   RO         2013    i.__scatterload_null  mc_w.l(handlers.o)
    0x0800d6be   0x0800d6be   0x0000000e   Code   RO         2014    i.__scatterload_zeroinit  mc_w.l(handlers.o)
    0x0800d6cc   0x0800d6cc   0x00000013   Data   RO          108    .constdata          board.o
    0x0800d6df   0x0800d6df   0x00000001   PAD
    0x0800d6e0   0x0800d6e0   0x00000968   Data   RO          247    .constdata          drv_gpio.o
    0x0800e048   0x0800e048   0x0000006f   Data   RO          277    .constdata          drv_usart.o
    0x0800e0b7   0x0800e0b7   0x00000018   Data   RO          313    .constdata          system_stm32f1xx.o
    0x0800e0cf   0x0800e0cf   0x00000014   Data   RO         1267    .constdata          components.o
    0x0800e0e3   0x0800e0e3   0x000000c9   Data   RO         1286    .constdata          device.o
    0x0800e1ac   0x0800e1ac   0x00000016   Data   RO         1300    .constdata          idle.o
    0x0800e1c2   0x0800e1c2   0x000001f7   Data   RO         1318    .constdata          ipc.o
    0x0800e3b9   0x0800e3b9   0x00000122   Data   RO         1352    .constdata          kservice.o
    0x0800e4db   0x0800e4db   0x00000046   Data   RO         1372    .constdata          mem.o
    0x0800e521   0x0800e521   0x0000003e   Data   RO         1417    .constdata          mempool.o
    0x0800e55f   0x0800e55f   0x00000080   Data   RO         1435    .constdata          object.o
    0x0800e5df   0x0800e5df   0x0000004e   Data   RO         1455    .constdata          scheduler.o
    0x0800e62d   0x0800e62d   0x00000048   Data   RO         1475    .constdata          signal.o
    0x0800e675   0x0800e675   0x0000005c   Data   RO         1505    .constdata          timer.o
    0x0800e6d1   0x0800e6d1   0x000000b9   Data   RO         1524    .constdata          thread.o
    0x0800e78a   0x0800e78a   0x00000013   Data   RO         1544    .constdata          cpuport.o
    0x0800e79d   0x0800e79d   0x0000007e   Data   RO         1565    .constdata          pin.o
    0x0800e81b   0x0800e81b   0x000000b5   Data   RO         1582    .constdata          serial.o
    0x0800e8d0   0x0800e8d0   0x0000005b   Data   RO         1596    .constdata          shell.o
    0x0800e92b   0x0800e92b   0x00000001   PAD
    0x0800e92c   0x0800e92c   0x00000050   Data   RO         1636    .constdata          cmd.o
    0x0800e97c   0x0800e97c   0x0000000e   Data   RO         1657    .constdata          msh.o
    0x0800e98a   0x0800e98a   0x00000002   PAD
    0x0800e98c   0x0800e98c   0x00000043   Data   RO          109    .conststring        board.o
    0x0800e9cf   0x0800e9cf   0x00000001   PAD
    0x0800e9d0   0x0800e9d0   0x0000015a   Data   RO         1319    .conststring        ipc.o
    0x0800eb2a   0x0800eb2a   0x00000002   PAD
    0x0800eb2c   0x0800eb2c   0x000000ed   Data   RO         1373    .conststring        mem.o
    0x0800ec19   0x0800ec19   0x00000003   PAD
    0x0800ec1c   0x0800ec1c   0x00000042   Data   RO         1525    .conststring        thread.o
    0x0800ec5e   0x0800ec5e   0x00000002   PAD
    0x0800ec60   0x0800ec60   0x0000015d   Data   RO         1637    .conststring        cmd.o
    0x0800edbd   0x0800edbd   0x00000027   Data   RO         1375    .rodata.name        mem.o
    0x0800ede4   0x0800ede4   0x00000069   Data   RO         1566    .rodata.name        pin.o
    0x0800ee4d   0x0800ee4d   0x00000385   Data   RO         1638    .rodata.name        cmd.o
    0x0800f1d2   0x0800f1d2   0x00000021   Data   RO         1658    .rodata.name        msh.o
    0x0800f1f3   0x0800f1f3   0x0000007b   Data   RO         1674    .rodata.name        msh_cmd.o
    0x0800f26e   0x0800f26e   0x00000022   Data   RO         1696    .rodata.name        dynmem_sample.o
    0x0800f290   0x0800f290   0x00000020   Data   RO         1713    .rodata.name        event_sample.o
    0x0800f2b0   0x0800f2b0   0x00000028   Data   RO         1730    .rodata.name        idlehook_sample.o
    0x0800f2d8   0x0800f2d8   0x00000028   Data   RO         1747    .rodata.name        interrupt_sample.o
    0x0800f300   0x0800f300   0x00000024   Data   RO         1765    .rodata.name        mailbox_sample.o
    0x0800f324   0x0800f324   0x00000024   Data   RO         1783    .rodata.name        memp_sample.o
    0x0800f348   0x0800f348   0x0000001e   Data   RO         1800    .rodata.name        msgq_sample.o
    0x0800f366   0x0800f366   0x00000020   Data   RO         1818    .rodata.name        mutex_sample.o
    0x0800f386   0x0800f386   0x00000029   Data   RO         1835    .rodata.name        priority_inversion.o
    0x0800f3af   0x0800f3af   0x00000031   Data   RO         1853    .rodata.name        producer_consumer.o
    0x0800f3e0   0x0800f3e0   0x0000002b   Data   RO         1870    .rodata.name        scheduler_hook.o
    0x0800f40b   0x0800f40b   0x00000028   Data   RO         1888    .rodata.name        semaphore_sample.o
    0x0800f433   0x0800f433   0x00000022   Data   RO         1905    .rodata.name        signal_sample.o
    0x0800f455   0x0800f455   0x00000022   Data   RO         1923    .rodata.name        thread_sample.o
    0x0800f477   0x0800f477   0x00000020   Data   RO         1940    .rodata.name        timer_sample.o
    0x0800f497   0x0800f497   0x00000028   Data   RO         1956    .rodata.name        timeslice_sample.o
    0x0800f4bf   0x0800f4bf   0x00000001   PAD
    0x0800f4c0   0x0800f4c0   0x00000004   Data   RO         1268    .rti_fn.0           components.o
    0x0800f4c4   0x0800f4c4   0x00000004   Data   RO         1269    .rti_fn.0.end       components.o
    0x0800f4c8   0x0800f4c8   0x00000004   Data   RO          249    .rti_fn.1           drv_gpio.o
    0x0800f4cc   0x0800f4cc   0x00000004   Data   RO          279    .rti_fn.1           drv_usart.o
    0x0800f4d0   0x0800f4d0   0x00000004   Data   RO         1270    .rti_fn.1.end       components.o
    0x0800f4d4   0x0800f4d4   0x00000004   Data   RO         1598    .rti_fn.6           shell.o
    0x0800f4d8   0x0800f4d8   0x00000004   Data   RO         1271    .rti_fn.6.end       components.o
    0x0800f4dc   0x0800f4dc   0x0000000c   Data   RO         1376    FSymTab             mem.o
    0x0800f4e8   0x0800f4e8   0x00000024   Data   RO         1567    FSymTab             pin.o
    0x0800f50c   0x0800f50c   0x00000120   Data   RO         1639    FSymTab             cmd.o
    0x0800f62c   0x0800f62c   0x0000000c   Data   RO         1659    FSymTab             msh.o
    0x0800f638   0x0800f638   0x00000024   Data   RO         1675    FSymTab             msh_cmd.o
    0x0800f65c   0x0800f65c   0x0000000c   Data   RO         1697    FSymTab             dynmem_sample.o
    0x0800f668   0x0800f668   0x0000000c   Data   RO         1714    FSymTab             event_sample.o
    0x0800f674   0x0800f674   0x0000000c   Data   RO         1731    FSymTab             idlehook_sample.o
    0x0800f680   0x0800f680   0x0000000c   Data   RO         1748    FSymTab             interrupt_sample.o
    0x0800f68c   0x0800f68c   0x0000000c   Data   RO         1766    FSymTab             mailbox_sample.o
    0x0800f698   0x0800f698   0x0000000c   Data   RO         1784    FSymTab             memp_sample.o
    0x0800f6a4   0x0800f6a4   0x0000000c   Data   RO         1801    FSymTab             msgq_sample.o
    0x0800f6b0   0x0800f6b0   0x0000000c   Data   RO         1819    FSymTab             mutex_sample.o
    0x0800f6bc   0x0800f6bc   0x0000000c   Data   RO         1836    FSymTab             priority_inversion.o
    0x0800f6c8   0x0800f6c8   0x0000000c   Data   RO         1854    FSymTab             producer_consumer.o
    0x0800f6d4   0x0800f6d4   0x0000000c   Data   RO         1871    FSymTab             scheduler_hook.o
    0x0800f6e0   0x0800f6e0   0x0000000c   Data   RO         1889    FSymTab             semaphore_sample.o
    0x0800f6ec   0x0800f6ec   0x0000000c   Data   RO         1906    FSymTab             signal_sample.o
    0x0800f6f8   0x0800f6f8   0x0000000c   Data   RO         1924    FSymTab             thread_sample.o
    0x0800f704   0x0800f704   0x0000000c   Data   RO         1941    FSymTab             timer_sample.o
    0x0800f710   0x0800f710   0x0000000c   Data   RO         1957    FSymTab             timeslice_sample.o
    0x0800f71c   0x0800f71c   0x00000020   Data   RO         2010    Region$$Table       anon$$obj.o


    Execution Region RW_IRAM1 (Exec base: 0x20000000, Load base: 0x0800f73c, Size: 0x00005830, Max: 0x00018000, ABSOLUTE, COMPRESSED[0x00000094])

    Exec Addr    Load Addr    Size         Type   Attr      Idx    E Section Name        Object

    0x20000000   COMPRESSED   0x000000c0   Data   RW          248    .data               drv_gpio.o
    0x200000c0   COMPRESSED   0x00000044   Data   RW          278    .data               drv_usart.o
    0x20000104   COMPRESSED   0x00000004   Data   RW          314    .data               system_stm32f1xx.o
    0x20000108   COMPRESSED   0x00000004   Data   RW          880    .data               stm32f1xx_hal.o
    0x2000010c   COMPRESSED   0x00000004   Data   RW         1253    .data               clock.o
    0x20000110   COMPRESSED   0x00000009   Data   RW         1336    .data               irq.o
    0x20000119   COMPRESSED   0x00000003   PAD
    0x2000011c   COMPRESSED   0x0000000c   Data   RW         1353    .data               kservice.o
    0x20000128   COMPRESSED   0x00000020   Data   RW         1374    .data               mem.o
    0x20000148   COMPRESSED   0x00000008   Data   RW         1418    .data               mempool.o
    0x20000150   COMPRESSED   0x000000b4   Data   RW         1436    .data               object.o
    0x20000204   COMPRESSED   0x0000001c   Data   RW         1456    .data               scheduler.o
    0x20000220   COMPRESSED   0x00000004   Data   RW         1476    .data               signal.o
    0x20000224   COMPRESSED   0x00000010   Data   RW         1506    .data               timer.o
    0x20000234   COMPRESSED   0x0000000c   Data   RW         1526    .data               thread.o
    0x20000240   COMPRESSED   0x00000010   Data   RW         1545    .data               cpuport.o
    0x20000250   COMPRESSED   0x00000004   Data   RW         1597    .data               shell.o
    0x20000254   COMPRESSED   0x00000010   Data   RW         1619    .data               symbol.o
    0x20000264   COMPRESSED   0x00000008   Data   RW         1729    .data               idlehook_sample.o
    0x2000026c   COMPRESSED   0x00000004   Data   RW         1746    .data               interrupt_sample.o
    0x20000270   COMPRESSED   0x00000027   Data   RW         1764    .data               mailbox_sample.o
    0x20000297   COMPRESSED   0x00000001   PAD
    0x20000298   COMPRESSED   0x00000008   Data   RW         1782    .data               memp_sample.o
    0x200002a0   COMPRESSED   0x00000006   Data   RW         1817    .data               mutex_sample.o
    0x200002a6   COMPRESSED   0x00000002   PAD
    0x200002a8   COMPRESSED   0x00000010   Data   RW         1834    .data               priority_inversion.o
    0x200002b8   COMPRESSED   0x00000010   Data   RW         1852    .data               producer_consumer.o
    0x200002c8   COMPRESSED   0x00000010   Data   RW         1869    .data               scheduler_hook.o
    0x200002d8   COMPRESSED   0x0000000d   Data   RW         1887    .data               semaphore_sample.o
    0x200002e5   COMPRESSED   0x00000003   PAD
    0x200002e8   COMPRESSED   0x00000004   Data   RW         1904    .data               signal_sample.o
    0x200002ec   COMPRESSED   0x00000004   Data   RW         1922    .data               thread_sample.o
    0x200002f0   COMPRESSED   0x0000000c   Data   RW         1939    .data               timer_sample.o
    0x200002fc        -       0x00000054   Zero   RW          276    .bss                drv_usart.o
    0x20000350        -       0x000001a4   Zero   RW         1299    .bss                idle.o
    0x200004f4        -       0x00000080   Zero   RW         1351    .bss                kservice.o
    0x20000574        -       0x00000020   Zero   RW         1371    .bss                mem.o
    0x20000594        -       0x00000100   Zero   RW         1454    .bss                scheduler.o
    0x20000694        -       0x00000044   Zero   RW         1564    .bss                pin.o
    0x200006d8        -       0x00000081   Zero   RW         1595    .bss                shell.o
    0x20000759   COMPRESSED   0x00000003   PAD
    0x2000075c        -       0x00000948   Zero   RW         1712    .bss                event_sample.o
    0x200010a4        -       0x000009d8   Zero   RW         1763    .bss                mailbox_sample.o
    0x20001a7c        -       0x00001100   Zero   RW         1781    .bss                memp_sample.o
    0x20002b7c        -       0x0000115c   Zero   RW         1799    .bss                msgq_sample.o
    0x20003cd8        -       0x00000928   Zero   RW         1816    .bss                mutex_sample.o
    0x20004600        -       0x00000074   Zero   RW         1851    .bss                producer_consumer.o
    0x20004674        -       0x00000928   Zero   RW         1886    .bss                semaphore_sample.o
    0x20004f9c        -       0x00000494   Zero   RW         1921    .bss                thread_sample.o
    0x20005430        -       0x00000400   Zero   RW         1245    STACK               startup_stm32f103xe.o


==============================================================================

Image component sizes


      Code (inc. data)   RO Data    RW Data    ZI Data      Debug   Object Name

       400         80         86          0          0     445694   board.o
       108          6          0          4          0       1448   clock.o
      3068       1334       1618          0          0      14987   cmd.o
       220         42         36          0          0       2662   components.o
       240         26          0          0          0        788   context_rvds.o
      1492        718         19         16          0       3947   cpuport.o
      1328        312        201          0          0       5682   device.o
      1404         44       2412        192          0       7558   drv_gpio.o
      1228        178        115         68         84      26435   drv_usart.o
       212         94         46          0          0       1675   dynmem_sample.o
       516        264         44          0       2376       2045   event_sample.o
       468         78         22          0        420       5408   idle.o
       304        132         52          8          0       1821   idlehook_sample.o
       184         62         52          4          0       1709   interrupt_sample.o
      7176       1040        849          0          0      22303   ipc.o
       124         14          0          9          0       1896   irq.o
      2736        228        290         12        128      12280   kservice.o
       404        174         48         39       2520       2189   mailbox_sample.o
         4          0          0          0          0      23241   main.o
      2292        644        358         32         32       5495   mem.o
       352        118         48          8       4352       1969   memp_sample.o
      1264        264         62          8          0       7050   mempool.o
       604        296         42          0       4444       2153   msgq_sample.o
       872        136         59          0          0       4316   msh.o
        34          0        159          0          0       2299   msh_cmd.o
       432        178         44          6       2344       1973   mutex_sample.o
       888        186        128        180          0       8267   object.o
       592         94        267          0         68       5095   pin.o
       596        218         53         16          0       2189   priority_inversion.o
       636        226         61         16        116       2255   producer_consumer.o
       776        148         78         28        256       6585   scheduler.o
       216         82         55         16          0       1875   scheduler_hook.o
       520        276         52         13       2344       2089   semaphore_sample.o
      1328        148        181          0          0       5921   serial.o
      2236        222         95          4        129       5953   shell.o
      1476        172         72          4          0       8260   signal.o
       188         64         46          4          0       1804   signal_sample.o
        36          8        304          0       1024        904   startup_stm32f103xe.o
       348         30          0          4          0       4135   stm32f1xx_hal.o
       708         22          0          0          0      27346   stm32f1xx_hal_cortex.o
      3812         40          0          0          0       6677   stm32f1xx_hal_dma.o
      1256         42          0          0          0       3947   stm32f1xx_hal_gpio.o
      2216         94          0          0          0       5319   stm32f1xx_hal_rcc.o
      4618         46          0          0          0      15920   stm32f1xx_hal_uart.o
        16          0          0          0          0        841   stm32f1xx_it.o
         0          0          0         16          0       5149   symbol.o
       244         32         24          4          0       1757   system_stm32f1xx.o
      2040        416        251         12          0      10598   thread.o
       232         92         46          4       1172       1845   thread_sample.o
      1436        268         92         16          0       8707   timer.o
       260        128         44         12          0       1709   timer_sample.o
       180         64         52          0          0       1689   timeslice_sample.o

    ----------------------------------------------------------------------
     54324       9580       8608        764      21812     755859   Object Totals
         0          0         32          0          0          0   (incl. Generated)
         4          0         13          9          3          0   (incl. Padding)

    ----------------------------------------------------------------------

      Code (inc. data)   RO Data    RW Data    ZI Data      Debug   Library Member Name

        86          0          0          0          0          0   __dczerorl2.o
         0          0          0          0          0          0   entry.o
         0          0          0          0          0          0   entry10a.o
         0          0          0          0          0          0   entry11a.o
         4          0          0          0          0          0   entry12b.o
         8          4          0          0          0          0   entry2.o
         4          0          0          0          0          0   entry5.o
         0          0          0          0          0          0   entry7b.o
         0          0          0          0          0          0   entry8b.o
         8          4          0          0          0          0   entry9a.o
        30          0          0          0          0          0   handlers.o
        36          8          0          0          0         68   init.o
        26          0          0          0          0         80   memcmp.o
        36          0          0          0          0         68   memcpya.o
        36          0          0          0          0        108   memseta.o
        24          0          0          0          0         68   strcat.o
        18          0          0          0          0         68   strcpy.o
        14          0          0          0          0         68   strlen.o
        30          0          0          0          0         80   strncmp.o

    ----------------------------------------------------------------------
       360         16          0          0          0        608   Library Totals
         0          0          0          0          0          0   (incl. Padding)

    ----------------------------------------------------------------------

      Code (inc. data)   RO Data    RW Data    ZI Data      Debug   Library Name

       360         16          0          0          0        608   mc_w.l

    ----------------------------------------------------------------------
       360         16          0          0          0        608   Library Totals

    ----------------------------------------------------------------------

==============================================================================


      Code (inc. data)   RO Data    RW Data    ZI Data      Debug   

     54684       9596       8608        764      21812     752123   Grand Totals
     54684       9596       8608        148      21812     752123   ELF Image Totals (compressed)
     54684       9596       8608        148          0          0   ROM Totals

==============================================================================

    Total RO  Size (Code + RO Data)                63292 (  61.81kB)
    Total RW  Size (RW Data + ZI Data)             22576 (  22.05kB)
    Total ROM Size (Code + RO Data + RW Data)      63440 (  61.95kB)

==============================================================================

